Archive member included to satisfy reference by file (symbol)

/usr/lib/gcc/arm-none-eabi/10.3.1/../../../arm-none-eabi/lib/thumb/v7e-m+fp/hard/libg.a(lib_a-atexit.o)
                              /usr/lib/gcc/arm-none-eabi/10.3.1/../../../arm-none-eabi/lib/thumb/v7e-m+fp/hard/crt0.o (atexit)
/usr/lib/gcc/arm-none-eabi/10.3.1/../../../arm-none-eabi/lib/thumb/v7e-m+fp/hard/libg.a(lib_a-ctype_.o)
                              build/parser.o (_ctype_)
/usr/lib/gcc/arm-none-eabi/10.3.1/../../../arm-none-eabi/lib/thumb/v7e-m+fp/hard/libg.a(lib_a-errno.o)
                              build/syscall.o (__errno)
/usr/lib/gcc/arm-none-eabi/10.3.1/../../../arm-none-eabi/lib/thumb/v7e-m+fp/hard/libg.a(lib_a-exit.o)
                              /usr/lib/gcc/arm-none-eabi/10.3.1/../../../arm-none-eabi/lib/thumb/v7e-m+fp/hard/crt0.o (exit)
/usr/lib/gcc/arm-none-eabi/10.3.1/../../../arm-none-eabi/lib/thumb/v7e-m+fp/hard/libg.a(lib_a-fini.o)
                              /usr/lib/gcc/arm-none-eabi/10.3.1/../../../arm-none-eabi/lib/thumb/v7e-m+fp/hard/crt0.o (__libc_fini_array)
/usr/lib/gcc/arm-none-eabi/10.3.1/../../../arm-none-eabi/lib/thumb/v7e-m+fp/hard/libg.a(lib_a-impure.o)
                              /usr/lib/gcc/arm-none-eabi/10.3.1/../../../arm-none-eabi/lib/thumb/v7e-m+fp/hard/libg.a(lib_a-exit.o) (_global_impure_ptr)
/usr/lib/gcc/arm-none-eabi/10.3.1/../../../arm-none-eabi/lib/thumb/v7e-m+fp/hard/libg.a(lib_a-init.o)
                              /usr/lib/gcc/arm-none-eabi/10.3.1/../../../arm-none-eabi/lib/thumb/v7e-m+fp/hard/crt0.o (__libc_init_array)
/usr/lib/gcc/arm-none-eabi/10.3.1/../../../arm-none-eabi/lib/thumb/v7e-m+fp/hard/libg.a(lib_a-memset.o)
                              /usr/lib/gcc/arm-none-eabi/10.3.1/../../../arm-none-eabi/lib/thumb/v7e-m+fp/hard/crt0.o (memset)
/usr/lib/gcc/arm-none-eabi/10.3.1/../../../arm-none-eabi/lib/thumb/v7e-m+fp/hard/libg.a(lib_a-printf.o)
                              build/main.o (printf)
/usr/lib/gcc/arm-none-eabi/10.3.1/../../../arm-none-eabi/lib/thumb/v7e-m+fp/hard/libg.a(lib_a-putchar.o)
                              build/parser.o (putchar)
/usr/lib/gcc/arm-none-eabi/10.3.1/../../../arm-none-eabi/lib/thumb/v7e-m+fp/hard/libg.a(lib_a-puts.o)
                              build/main.o (puts)
/usr/lib/gcc/arm-none-eabi/10.3.1/../../../arm-none-eabi/lib/thumb/v7e-m+fp/hard/libg.a(lib_a-setvbuf.o)
                              build/terminal.o (setvbuf)
/usr/lib/gcc/arm-none-eabi/10.3.1/../../../arm-none-eabi/lib/thumb/v7e-m+fp/hard/libg.a(lib_a-strcasecmp.o)
                              build/parser.o (strcasecmp)
/usr/lib/gcc/arm-none-eabi/10.3.1/../../../arm-none-eabi/lib/thumb/v7e-m+fp/hard/libg.a(lib_a-strcpy.o)
                              build/parser.o (strcpy)
/usr/lib/gcc/arm-none-eabi/10.3.1/../../../arm-none-eabi/lib/thumb/v7e-m+fp/hard/libg.a(lib_a-strlen.o)
                              build/parser.o (strlen)
/usr/lib/gcc/arm-none-eabi/10.3.1/../../../arm-none-eabi/lib/thumb/v7e-m+fp/hard/libg.a(lib_a-strtok.o)
                              build/parser.o (strtok)
/usr/lib/gcc/arm-none-eabi/10.3.1/../../../arm-none-eabi/lib/thumb/v7e-m+fp/hard/libg.a(lib_a-strtok_r.o)
                              /usr/lib/gcc/arm-none-eabi/10.3.1/../../../arm-none-eabi/lib/thumb/v7e-m+fp/hard/libg.a(lib_a-strtok.o) (__strtok_r)
/usr/lib/gcc/arm-none-eabi/10.3.1/../../../arm-none-eabi/lib/thumb/v7e-m+fp/hard/libg.a(lib_a-strtol.o)
                              build/parser.o (strtol)
/usr/lib/gcc/arm-none-eabi/10.3.1/../../../arm-none-eabi/lib/thumb/v7e-m+fp/hard/libg.a(lib_a-strtoul.o)
                              build/parser.o (strtoul)
/usr/lib/gcc/arm-none-eabi/10.3.1/../../../arm-none-eabi/lib/thumb/v7e-m+fp/hard/libg.a(lib_a-vfprintf.o)
                              /usr/lib/gcc/arm-none-eabi/10.3.1/../../../arm-none-eabi/lib/thumb/v7e-m+fp/hard/libg.a(lib_a-printf.o) (_vfprintf_r)
/usr/lib/gcc/arm-none-eabi/10.3.1/../../../arm-none-eabi/lib/thumb/v7e-m+fp/hard/libg.a(lib_a-wsetup.o)
                              /usr/lib/gcc/arm-none-eabi/10.3.1/../../../arm-none-eabi/lib/thumb/v7e-m+fp/hard/libg.a(lib_a-vfprintf.o) (__swsetup_r)
/usr/lib/gcc/arm-none-eabi/10.3.1/../../../arm-none-eabi/lib/thumb/v7e-m+fp/hard/libg.a(lib_a-__atexit.o)
                              /usr/lib/gcc/arm-none-eabi/10.3.1/../../../arm-none-eabi/lib/thumb/v7e-m+fp/hard/libg.a(lib_a-atexit.o) (__register_exitproc)
/usr/lib/gcc/arm-none-eabi/10.3.1/../../../arm-none-eabi/lib/thumb/v7e-m+fp/hard/libg.a(lib_a-__call_atexit.o)
                              /usr/lib/gcc/arm-none-eabi/10.3.1/../../../arm-none-eabi/lib/thumb/v7e-m+fp/hard/libg.a(lib_a-exit.o) (__call_exitprocs)
/usr/lib/gcc/arm-none-eabi/10.3.1/../../../arm-none-eabi/lib/thumb/v7e-m+fp/hard/libg.a(lib_a-dtoa.o)
                              /usr/lib/gcc/arm-none-eabi/10.3.1/../../../arm-none-eabi/lib/thumb/v7e-m+fp/hard/libg.a(lib_a-vfprintf.o) (_dtoa_r)
[...]
Memory Configuration

Name             Origin             Length             Attributes
FLASH            0x0000000008000000 0x0000000000040000 xr
RAM              0x0000000020000000 0x000000000000a000 xrw
CCMRAM           0x0000000010000000 0x0000000000002000 rw
*default*        0x0000000000000000 0xffffffffffffffff

Linker script and memory map

LOAD /usr/lib/gcc/arm-none-eabi/10.3.1/thumb/v7e-m+fp/hard/crti.o
LOAD /usr/lib/gcc/arm-none-eabi/10.3.1/thumb/v7e-m+fp/hard/crtbegin.o
LOAD /usr/lib/gcc/arm-none-eabi/10.3.1/../../../arm-none-eabi/lib/thumb/v7e-m+fp/hard/crt0.o
LOAD build/main.o
LOAD build/mycode.o
LOAD build/mytest.o
LOAD build/mes/pt_hook.o
LOAD build/mes/pt_asm.o
LOAD build/Drivers/STM32F3xx_HAL_Driver/Src/stm32f3xx_hal_spi.o
LOAD build/Drivers/STM32F3xx_HAL_Driver/Src/stm32f3xx_hal_iwdg.o
LOAD build/monitor.o
LOAD build/parser.o
LOAD build/dump.o
LOAD build/syscall.o
LOAD build/terminal.o
LOAD build/decoder/decoder.o
LOAD build/decoder/STM32F30x_decoder.o
LOAD build/Drivers/CMSIS/Device/ST/STM32F3xx/Source/Templates/system_stm32f3xx.o
LOAD build/Drivers/STM32F3xx_HAL_Driver/Src/stm32f3xx_hal_rcc.o
LOAD build/Drivers/STM32F3xx_HAL_Driver/Src/stm32f3xx_hal.o
LOAD build/Drivers/STM32F3xx_HAL_Driver/Src/stm32f3xx_hal_cortex.o
LOAD build/Drivers/STM32F3xx_HAL_Driver/Src/stm32f3xx_hal_uart.o
LOAD build/Drivers/STM32F3xx_HAL_Driver/Src/stm32f3xx_hal_gpio.o
LOAD build/Drivers/STM32F3xx_HAL_Driver/Src/stm32f3xx_hal_pcd.o
LOAD build/Drivers/STM32F3xx_HAL_Driver/Src/stm32f3xx_hal_pcd_ex.o
LOAD build/Drivers/STM32F3xx_HAL_Driver/Src/stm32f3xx_hal_i2c.o
LOAD build/Drivers/STM32_USB_Device_Library/Core/Src/usbd_core.o
LOAD build/Drivers/STM32_USB_Device_Library/Core/Src/usbd_ctlreq.o
LOAD build/Drivers/STM32_USB_Device_Library/Core/Src/usbd_ioreq.o
LOAD build/Drivers/STM32_USB_Device_Library/Class/CDC/Src/usbd_cdc.o
LOAD build/usbd_conf.o
LOAD build/usbd_desc.o
LOAD build/usbd_cdc_interface.o
LOAD build/Drivers/BSP/STM32F3-Discovery/stm32f3_discovery.o
LOAD build/Drivers/BSP/STM32F3-Discovery/stm32f3_discovery_accelerometer.o
LOAD build/Drivers/BSP/STM32F3-Discovery/stm32f3_discovery_gyroscope.o
LOAD build/Drivers/BSP/Components/lsm303dlhc/lsm303dlhc.o
LOAD build/Drivers/BSP/Components/l3gd20/l3gd20.o
LOAD build/Drivers/BSP/Components/i3g4250d/i3g4250d.o
LOAD build/Drivers/BSP/Components/lsm303agr/lsm303agr.o
LOAD build/Drivers/CMSIS/Device/ST/STM32F3xx/Source/Templates/gcc/startup_stm32f303xc.o
START GROUP
LOAD /usr/lib/gcc/arm-none-eabi/10.3.1/thumb/v7e-m+fp/hard/libgcc.a
LOAD /usr/lib/gcc/arm-none-eabi/10.3.1/../../../arm-none-eabi/lib/thumb/v7e-m+fp/hard/libg.a
LOAD /usr/lib/gcc/arm-none-eabi/10.3.1/../../../arm-none-eabi/lib/thumb/v7e-m+fp/hard/libc.a
END GROUP
START GROUP
LOAD /usr/lib/gcc/arm-none-eabi/10.3.1/thumb/v7e-m+fp/hard/libgcc.a
LOAD /usr/lib/gcc/arm-none-eabi/10.3.1/../../../arm-none-eabi/lib/thumb/v7e-m+fp/hard/libc.a
LOAD /usr/lib/gcc/arm-none-eabi/10.3.1/../../../arm-none-eabi/lib/thumb/v7e-m+fp/hard/libnosys.a
END GROUP
LOAD /usr/lib/gcc/arm-none-eabi/10.3.1/thumb/v7e-m+fp/hard/crtend.o
LOAD /usr/lib/gcc/arm-none-eabi/10.3.1/thumb/v7e-m+fp/hard/crtn.o
                0x0000000020008000                _estack = 0x20008000
                0x0000000000001000                _Min_Heap_Size = 0x1000
                0x0000000000000400                _Min_Stack_Size = 0x400

.isr_vector     0x0000000008000000      0x188
                0x0000000008000000                . = ALIGN (0x4)
 *(.isr_vector)
 .isr_vector    0x0000000008000000      0x188 build/Drivers/CMSIS/Device/ST/STM32F3xx/Source/Templates/gcc/startup_stm32f303xc.o
                0x0000000008000000                g_pfnVectors
                0x0000000008000188                . = ALIGN (0x4)

.text           0x00000000080001c0     0xcaa8
                0x00000000080001c0                . = ALIGN (0x4)
 *(.text)
 .text          0x00000000080001c0       0x88 /usr/lib/gcc/arm-none-eabi/10.3.1/thumb/v7e-m+fp/hard/crtbegin.o
 .text          0x0000000008000248       0x34 build/mycode.o
                0x0000000008000248                mytest
                0x000000000800025c                my_Tick
                0x0000000008000270                my_Loop
                0x0000000008000274                my_Init
 *fill*         0x000000000800027c        0x4 
 .text          0x0000000008000280      0x268 build/mes/pt_asm.o
                0x0000000008000280                add_test
                0x00000000080002ac                pt_led_demo_a2
                0x00000000080002e4                ptGame_A3
                0x00000000080003a8                ptTilt_A4
                0x00000000080003c4                pt_A4
                0x000000000800043c                _pt_watchdog_start
                0x0000000008000448                pt_A5_watchDog
                0x00000000080004a2                _pt_a5_button_handler
                0x00000000080004b2                _pt_a5_tick_handler
 .text          0x00000000080004e8        0xc /usr/lib/gcc/arm-none-eabi/10.3.1/../../../arm-none-eabi/lib/thumb/v7e-m+fp/hard/libg.a(lib_a-atexit.o)
                0x00000000080004e8                atexit
 .text          0x00000000080004f4        0xc /usr/lib/gcc/arm-none-eabi/10.3.1/../../../arm-none-eabi/lib/thumb/v7e-m+fp/hard/libg.a(lib_a-errno.o)
                0x00000000080004f4                __errno
 .text          0x0000000008000500       0x2c /usr/lib/gcc/arm-none-eabi/10.3.1/../../../arm-none-eabi/lib/thumb/v7e-m+fp/hard/libg.a(lib_a-fini.o)
                0x0000000008000500                __libc_fini_array
 .text          0x000000000800052c       0x48 /usr/lib/gcc/arm-none-eabi/10.3.1/../../../arm-none-eabi/lib/thumb/v7e-m+fp/hard/libg.a(lib_a-init.o)
                0x000000000800052c                __libc_init_array
 .text          0x0000000008000574       0xa4 /usr/lib/gcc/arm-none-eabi/10.3.1/../../../arm-none-eabi/lib/thumb/v7e-m+fp/hard/libg.a(lib_a-memset.o)
                0x0000000008000574                memset
 .text          0x0000000008000618       0x48 /usr/lib/gcc/arm-none-eabi/10.3.1/../../../arm-none-eabi/lib/thumb/v7e-m+fp/hard/libg.a(lib_a-printf.o)
                0x0000000008000618                _printf_r
                0x0000000008000638                printf
 .text          0x0000000008000660       0x18 /usr/lib/gcc/arm-none-eabi/10.3.1/../../../arm-none-eabi/lib/thumb/v7e-m+fp/hard/libg.a(lib_a-putchar.o)
                0x0000000008000660                _putchar_r
                0x0000000008000668                putchar
 .text          0x0000000008000678       0x78 /usr/lib/gcc/arm-none-eabi/10.3.1/../../../arm-none-eabi/lib/thumb/v7e-m+fp/hard/libg.a(lib_a-puts.o)
                0x0000000008000678                _puts_r
                0x00000000080006e0                puts
 .text          0x00000000080006f0      0x174 /usr/lib/gcc/arm-none-eabi/10.3.1/../../../arm-none-eabi/lib/thumb/v7e-m+fp/hard/libg.a(lib_a-setvbuf.o)
                0x00000000080006f0                setvbuf
 .text          0x0000000008000864       0x4c /usr/lib/gcc/arm-none-eabi/10.3.1/../../../arm-none-eabi/lib/thumb/v7e-m+fp/hard/libg.a(lib_a-strcasecmp.o)
                0x0000000008000864                strcasecmp
 .text          0x00000000080008b0       0xbc /usr/lib/gcc/arm-none-eabi/10.3.1/../../../arm-none-eabi/lib/thumb/v7e-m+fp/hard/libg.a(lib_a-strcpy.o)
                0x00000000080008b0                strcpy
 *fill*         0x000000000800096c       0x14 
 .text          0x0000000008000980       0xdc /usr/lib/gcc/arm-none-eabi/10.3.1/../../../arm-none-eabi/lib/thumb/v7e-m+fp/hard/libg.a(lib_a-strlen.o)
                0x0000000008000980                strlen
 .text          0x0000000008000a5c       0x10 /usr/lib/gcc/arm-none-eabi/10.3.1/../../../arm-none-eabi/lib/thumb/v7e-m+fp/hard/libg.a(lib_a-strtok.o)
                0x0000000008000a5c                strtok
 .text          0x0000000008000a6c       0x6c /usr/lib/gcc/arm-none-eabi/10.3.1/../../../arm-none-eabi/lib/thumb/v7e-m+fp/hard/libg.a(lib_a-strtok_r.o)
                0x0000000008000a6c                __strtok_r
                0x0000000008000ad0                strtok_r
 .text          0x0000000008000ad8      0x170 /usr/lib/gcc/arm-none-eabi/10.3.1/../../../arm-none-eabi/lib/thumb/v7e-m+fp/hard/libg.a(lib_a-strtoul.o)
                0x0000000008000c14                _strtoul_r
                0x0000000008000c18                strtoul_l
                0x0000000008000c30                strtoul
 .text          0x0000000008000c48     0x159c /usr/lib/gcc/arm-none-eabi/10.3.1/../../../arm-none-eabi/lib/thumb/v7e-m+fp/hard/libg.a(lib_a-vfprintf.o)
                0x0000000008000c48                _vfprintf_r
                0x000000000800215c                vfprintf
 .text          0x00000000080021e4       0xd4 /usr/lib/gcc/arm-none-eabi/10.3.1/../../../arm-none-eabi/lib/thumb/v7e-m+fp/hard/libg.a(lib_a-wsetup.o)
                0x00000000080021e4                __swsetup_r
 .text          0x00000000080022b8       0x68 /usr/lib/gcc/arm-none-eabi/10.3.1/../../../arm-none-eabi/lib/thumb/v7e-m+fp/hard/libg.a(lib_a-__atexit.o)
                0x00000000080022b8                __register_exitproc
 .text          0x0000000008002320     0x1064 /usr/lib/gcc/arm-none-eabi/10.3.1/../../../arm-none-eabi/lib/thumb/v7e-m+fp/hard/libg.a(lib_a-dtoa.o)
                0x0000000008002448                _dtoa_r
 .text          0x0000000008003384      0x1ac /usr/lib/gcc/arm-none-eabi/10.3.1/../../../arm-none-eabi/lib/thumb/v7e-m+fp/hard/libg.a(lib_a-fflush.o)
                0x0000000008003384                __sflush_r
                0x00000000080034b4                _fflush_r
                0x00000000080034e0                fflush
 .text          0x0000000008003530      0x218 /usr/lib/gcc/arm-none-eabi/10.3.1/../../../arm-none-eabi/lib/thumb/v7e-m+fp/hard/libg.a(lib_a-findfp.o)
                0x0000000008003534                _cleanup_r
                0x000000000800361c                __sfmoreglue
                0x000000000800364c                __sfp
                0x00000000080036f4                _cleanup
                0x0000000008003708                __sinit
                0x0000000008003710                __sfp_lock_acquire
                0x0000000008003714                __sfp_lock_release
                0x0000000008003718                __sinit_lock_acquire
                0x000000000800371c                __sinit_lock_release
                0x0000000008003720                __fp_lock_all
                0x0000000008003734                __fp_unlock_all
 .text          0x0000000008003748      0x2ac /usr/lib/gcc/arm-none-eabi/10.3.1/../../../arm-none-eabi/lib/thumb/v7e-m+fp/hard/libg.a(lib_a-freer.o)
                0x0000000008003748                _malloc_trim_r
                0x00000000080037e8                _free_r
 .text          0x00000000080039f4      0x2f0 /usr/lib/gcc/arm-none-eabi/10.3.1/../../../arm-none-eabi/lib/thumb/v7e-m+fp/hard/libg.a(lib_a-fvwrite.o)
                0x00000000080039f4                __sfvwrite_r
 .text          0x0000000008003ce4       0x88 /usr/lib/gcc/arm-none-eabi/10.3.1/../../../arm-none-eabi/lib/thumb/v7e-m+fp/hard/libg.a(lib_a-fwalk.o)
                0x0000000008003ce4                _fwalk
                0x0000000008003d24                _fwalk_reent
 .text          0x0000000008003d6c       0x14 /usr/lib/gcc/arm-none-eabi/10.3.1/../../../arm-none-eabi/lib/thumb/v7e-m+fp/hard/libg.a(lib_a-localeconv.o)
                0x0000000008003d6c                __localeconv_l
                0x0000000008003d70                _localeconv_r
                0x0000000008003d78                localeconv
 .text          0x0000000008003d80      0x140 /usr/lib/gcc/arm-none-eabi/10.3.1/../../../arm-none-eabi/lib/thumb/v7e-m+fp/hard/libg.a(lib_a-makebuf.o)
                0x0000000008003d80                __smakebuf_r
                0x0000000008003e60                __swhatbuf_r
 .text          0x0000000008003ec0       0x20 /usr/lib/gcc/arm-none-eabi/10.3.1/../../../arm-none-eabi/lib/thumb/v7e-m+fp/hard/libg.a(lib_a-malloc.o)
                0x0000000008003ec0                malloc
                0x0000000008003ed0                free
 .text          0x0000000008003ee0      0x554 /usr/lib/gcc/arm-none-eabi/10.3.1/../../../arm-none-eabi/lib/thumb/v7e-m+fp/hard/libg.a(lib_a-mallocr.o)
                0x0000000008003ee0                _malloc_r
 *fill*         0x0000000008004434        0xc 
 .text          0x0000000008004440       0xa0 /usr/lib/gcc/arm-none-eabi/10.3.1/../../../arm-none-eabi/lib/thumb/v7e-m+fp/hard/libg.a(lib_a-memchr.o)
                0x0000000008004440                memchr
 .text          0x00000000080044e0      0x134 /usr/lib/gcc/arm-none-eabi/10.3.1/../../../arm-none-eabi/lib/thumb/v7e-m+fp/hard/libg.a(lib_a-memcpy.o)
                0x00000000080044e0                memcpy
 .text          0x0000000008004614       0xf8 /usr/lib/gcc/arm-none-eabi/10.3.1/../../../arm-none-eabi/lib/thumb/v7e-m+fp/hard/libg.a(lib_a-memmove.o)
                0x0000000008004614                memmove
 .text          0x000000000800470c        0x8 /usr/lib/gcc/arm-none-eabi/10.3.1/../../../arm-none-eabi/lib/thumb/v7e-m+fp/hard/libg.a(lib_a-mlock.o)
                0x000000000800470c                __malloc_lock
                0x0000000008004710                __malloc_unlock
 .text          0x0000000008004714      0xaa0 /usr/lib/gcc/arm-none-eabi/10.3.1/../../../arm-none-eabi/lib/thumb/v7e-m+fp/hard/libg.a(lib_a-mprec.o)
                0x0000000008004714                _Balloc
                0x0000000008004760                _Bfree
                0x0000000008004774                __multadd
                0x000000000800481c                __s2b
                0x00000000080048d0                __hi0bits
                0x0000000008004910                __lo0bits
                0x0000000008004970                __i2b
                0x00000000080049cc                __multiply
                0x0000000008004b28                __pow5mult
                0x0000000008004be8                __lshift
                0x0000000008004cd8                __mcmp
                0x0000000008004d1c                __mdiff
                0x0000000008004e68                __ulp
                0x0000000008004ec8                __b2d
                0x0000000008004f88                __d2b
                0x0000000008005058                __ratio
                0x00000000080050b4                _mprec_log10
                0x00000000080050f4                __copybits
                0x0000000008005150                __any_on
 .text          0x00000000080051b4       0xb8 /usr/lib/gcc/arm-none-eabi/10.3.1/../../../arm-none-eabi/lib/thumb/v7e-m+fp/hard/libg.a(lib_a-putc.o)
                0x00000000080051b4                _putc_r
                0x000000000800520c                putc
 .text          0x000000000800526c      0x3d8 /usr/lib/gcc/arm-none-eabi/10.3.1/../../../arm-none-eabi/lib/thumb/v7e-m+fp/hard/libg.a(lib_a-reallocr.o)
                0x000000000800526c                _realloc_r
 .text          0x0000000008005644       0x90 /usr/lib/gcc/arm-none-eabi/10.3.1/../../../arm-none-eabi/lib/thumb/v7e-m+fp/hard/libg.a(lib_a-stdio.o)
                0x0000000008005644                __sread
                0x0000000008005668                __seofread
                0x000000000800566c                __swrite
                0x00000000080056ac                __sseek
                0x00000000080056cc                __sclose
 .text          0x00000000080056d4      0xd44 /usr/lib/gcc/arm-none-eabi/10.3.1/../../../arm-none-eabi/lib/thumb/v7e-m+fp/hard/libg.a(lib_a-vfiprintf.o)
                0x000000000800574c                __sprint_r
                0x0000000008005764                _vfiprintf_r
                0x0000000008006390                vfiprintf
 .text          0x0000000008006418       0xc8 /usr/lib/gcc/arm-none-eabi/10.3.1/../../../arm-none-eabi/lib/thumb/v7e-m+fp/hard/libg.a(lib_a-wbuf.o)
                0x0000000008006418                __swbuf_r
                0x00000000080064c8                __swbuf
 .text          0x00000000080064e0       0x4c /usr/lib/gcc/arm-none-eabi/10.3.1/../../../arm-none-eabi/lib/thumb/v7e-m+fp/hard/libg.a(lib_a-assert.o)
                0x00000000080064e0                __assert_func
                0x0000000008006520                __assert
 .text          0x000000000800652c       0x60 /usr/lib/gcc/arm-none-eabi/10.3.1/../../../arm-none-eabi/lib/thumb/v7e-m+fp/hard/libg.a(lib_a-callocr.o)
                0x000000000800652c                _calloc_r
 .text          0x000000000800658c       0xd4 /usr/lib/gcc/arm-none-eabi/10.3.1/../../../arm-none-eabi/lib/thumb/v7e-m+fp/hard/libg.a(lib_a-fclose.o)
                0x00000000080065f0                _fclose_r
                0x0000000008006624                fclose
 .text          0x0000000008006660       0x44 /usr/lib/gcc/arm-none-eabi/10.3.1/../../../arm-none-eabi/lib/thumb/v7e-m+fp/hard/libg.a(lib_a-fiprintf.o)
                0x0000000008006660                _fiprintf_r
                0x000000000800667c                fiprintf
 .text          0x00000000080066a4      0x118 /usr/lib/gcc/arm-none-eabi/10.3.1/../../../arm-none-eabi/lib/thumb/v7e-m+fp/hard/libg.a(lib_a-fputwc.o)
                0x00000000080066a4                __fputwc
                0x000000000800674c                _fputwc_r
                0x0000000008006774                fputwc
 .text          0x00000000080067bc       0x8c /usr/lib/gcc/arm-none-eabi/10.3.1/../../../arm-none-eabi/lib/thumb/v7e-m+fp/hard/libg.a(lib_a-locale.o)
                0x00000000080067bc                _setlocale_r
                0x00000000080067fc                __locale_mb_cur_max
                0x0000000008006808                setlocale
 .text          0x0000000008006848       0x40 /usr/lib/gcc/arm-none-eabi/10.3.1/../../../arm-none-eabi/lib/thumb/v7e-m+fp/hard/libg.a(lib_a-mbtowc_r.o)
                0x0000000008006848                _mbtowc_r
                0x000000000800685c                __ascii_mbtowc
 *fill*         0x0000000008006888       0x18 
 .text          0x00000000080068a0      0x2dc /usr/lib/gcc/arm-none-eabi/10.3.1/../../../arm-none-eabi/lib/thumb/v7e-m+fp/hard/libg.a(lib_a-strcmp.o)
                0x00000000080068a8                strcmp
 .text          0x0000000008006b7c       0x88 /usr/lib/gcc/arm-none-eabi/10.3.1/../../../arm-none-eabi/lib/thumb/v7e-m+fp/hard/libg.a(lib_a-wcrtomb.o)
                0x0000000008006b7c                _wcrtomb_r
                0x0000000008006bb8                wcrtomb
 .text          0x0000000008006c04       0x30 /usr/lib/gcc/arm-none-eabi/10.3.1/../../../arm-none-eabi/lib/thumb/v7e-m+fp/hard/libg.a(lib_a-wctomb_r.o)
                0x0000000008006c04                _wctomb_r
                0x0000000008006c18                __ascii_wctomb
 .text          0x0000000008006c34       0x10 /usr/lib/gcc/arm-none-eabi/10.3.1/../../../arm-none-eabi/lib/thumb/v7e-m+fp/hard/libg.a(lib_a-abort.o)
                0x0000000008006c34                abort
 .text          0x0000000008006c44      0x288 /usr/lib/gcc/arm-none-eabi/10.3.1/../../../arm-none-eabi/lib/thumb/v7e-m+fp/hard/libg.a(lib_a-signal.o)
                0x0000000008006c44                _init_signal_r
                0x0000000008006c74                _signal_r
                0x0000000008006cc0                _raise_r
                0x0000000008006d18                __sigtramp_r
                0x0000000008006d7c                raise
                0x0000000008006dd8                signal
                0x0000000008006e2c                _init_signal
                0x0000000008006e64                __sigtramp
 .text          0x0000000008006ecc       0x30 /usr/lib/gcc/arm-none-eabi/10.3.1/../../../arm-none-eabi/lib/thumb/v7e-m+fp/hard/libg.a(lib_a-signalr.o)
                0x0000000008006ecc                _kill_r
                0x0000000008006ef8                _getpid_r
 .text          0x0000000008006efc      0x378 /usr/lib/gcc/arm-none-eabi/10.3.1/thumb/v7e-m+fp/hard/libgcc.a(_arm_addsubdf3.o)
                0x0000000008006efc                __aeabi_drsub
                0x0000000008006f04                __aeabi_dsub
                0x0000000008006f04                __subdf3
                0x0000000008006f08                __adddf3
                0x0000000008006f08                __aeabi_dadd
                0x0000000008007180                __aeabi_ui2d
                0x0000000008007180                __floatunsidf
                0x00000000080071a0                __floatsidf
                0x00000000080071a0                __aeabi_i2d
                0x00000000080071c4                __extendsfdf2
                0x00000000080071c4                __aeabi_f2d
                0x0000000008007208                __aeabi_ul2d
                0x0000000008007208                __floatundidf
                0x0000000008007218                __floatdidf
                0x0000000008007218                __aeabi_l2d
 .text          0x0000000008007274      0x424 /usr/lib/gcc/arm-none-eabi/10.3.1/thumb/v7e-m+fp/hard/libgcc.a(_arm_muldivdf3.o)
                0x0000000008007274                __aeabi_dmul
                0x0000000008007274                __muldf3
                0x00000000080074c8                __aeabi_ddiv
                0x00000000080074c8                __divdf3
 .text          0x0000000008007698      0x110 /usr/lib/gcc/arm-none-eabi/10.3.1/thumb/v7e-m+fp/hard/libgcc.a(_arm_cmpdf2.o)
                0x0000000008007698                __gtdf2
                0x0000000008007698                __gedf2
                0x00000000080076a0                __ltdf2
                0x00000000080076a0                __ledf2
                0x00000000080076a8                __cmpdf2
                0x00000000080076a8                __eqdf2
                0x00000000080076a8                __nedf2
                0x0000000008007724                __aeabi_cdrcmple
                0x0000000008007734                __aeabi_cdcmple
                0x0000000008007734                __aeabi_cdcmpeq
                0x0000000008007744                __aeabi_dcmpeq
                0x0000000008007758                __aeabi_dcmplt
                0x000000000800776c                __aeabi_dcmple
                0x0000000008007780                __aeabi_dcmpge
                0x0000000008007794                __aeabi_dcmpgt
 .text          0x00000000080077a8       0x2c /usr/lib/gcc/arm-none-eabi/10.3.1/thumb/v7e-m+fp/hard/libgcc.a(_arm_unorddf2.o)
                0x00000000080077a8                __aeabi_dcmpun
                0x00000000080077a8                __unorddf2
 .text          0x00000000080077d4       0x50 /usr/lib/gcc/arm-none-eabi/10.3.1/thumb/v7e-m+fp/hard/libgcc.a(_arm_fixdfsi.o)
                0x00000000080077d4                __fixdfsi
                0x00000000080077d4                __aeabi_d2iz
 .text          0x0000000008007824       0x30 /usr/lib/gcc/arm-none-eabi/10.3.1/thumb/v7e-m+fp/hard/libgcc.a(_aeabi_uldivmod.o)
                0x0000000008007824                __aeabi_uldivmod
 .text          0x0000000008007854      0x2d0 /usr/lib/gcc/arm-none-eabi/10.3.1/thumb/v7e-m+fp/hard/libgcc.a(_udivmoddi4.o)
                0x0000000008007854                __udivmoddi4
 .text          0x0000000008007b24        0x4 /usr/lib/gcc/arm-none-eabi/10.3.1/thumb/v7e-m+fp/hard/libgcc.a(_dvmd_tls.o)
                0x0000000008007b24                __aeabi_ldiv0
                0x0000000008007b24                __aeabi_idiv0
 .text          0x0000000008007b28       0x10 /usr/lib/gcc/arm-none-eabi/10.3.1/../../../arm-none-eabi/lib/thumb/v7e-m+fp/hard/libnosys.a(getpid.o)
                0x0000000008007b28                _getpid
 .text          0x0000000008007b38       0x10 /usr/lib/gcc/arm-none-eabi/10.3.1/../../../arm-none-eabi/lib/thumb/v7e-m+fp/hard/libnosys.a(kill.o)
                0x0000000008007b38                _kill
 .text          0x0000000008007b48        0x4 /usr/lib/gcc/arm-none-eabi/10.3.1/../../../arm-none-eabi/lib/thumb/v7e-m+fp/hard/libnosys.a(_exit.o)
                0x0000000008007b48                _exit
 *(.text*)
 .text.CmdLED   0x0000000008007b4c       0x5c build/main.o
                0x0000000008007b4c                CmdLED
 .text.CmdAccel
                0x0000000008007ba8       0x28 build/main.o
                0x0000000008007ba8                CmdAccel
 .text.CmdGyro  0x0000000008007bd0       0x4c build/main.o
                0x0000000008007bd0                CmdGyro
 .text.CmdButton
                0x0000000008007c1c       0x2c build/main.o
                0x0000000008007c1c                CmdButton
 .text.Error_Handler
                0x0000000008007c48        0xa build/main.o
                0x0000000008007c48                Error_Handler
 *fill*         0x0000000008007c52        0x2 
 .text.startup.main
                0x0000000008007c54       0x9c build/main.o
                0x0000000008007c54                main
 .text.SysTick_Handler
                0x0000000008007cf0       0x12 build/main.o
                0x0000000008007cf0                SysTick_Handler
 .text.EXTI0_IRQHandler
                0x0000000008007d02       0x10 build/main.o
                0x0000000008007d02                EXTI0_IRQHandler
 *fill*         0x0000000008007d12        0x2 
 .text.CmdTest  0x0000000008007d14       0x30 build/mytest.o
                0x0000000008007d14                CmdTest
 .text.AddTest  0x0000000008007d44       0x4c build/mes/pt_hook.o
                0x0000000008007d44                AddTest
 .text._pt_A2   0x0000000008007d90       0x50 build/mes/pt_hook.o
                0x0000000008007d90                _pt_A2
 .text.ptGame   0x0000000008007de0       0x60 build/mes/pt_hook.o
                0x0000000008007de0                ptGame
 .text.ptTilt   0x0000000008007e40       0x5c build/mes/pt_hook.o
                0x0000000008007e40                ptTilt
 .text.mes_InitIWDG
                0x0000000008007e9c       0x34 build/mes/pt_hook.o
                0x0000000008007e9c                mes_InitIWDG
 .text.mes_IWDGStart
                0x0000000008007ed0       0x20 build/mes/pt_hook.o
                0x0000000008007ed0                mes_IWDGStart
 .text.ptWatch  0x0000000008007ef0       0x58 build/mes/pt_hook.o
                0x0000000008007ef0                ptWatch
 .text.mes_IWDGRefresh
                0x0000000008007f48       0x20 build/mes/pt_hook.o
                0x0000000008007f48                mes_IWDGRefresh
 .text.SPI_WaitFifoStateUntilTimeout
                0x0000000008007f68       0x94 build/Drivers/STM32F3xx_HAL_Driver/Src/stm32f3xx_hal_spi.o
 .text.SPI_WaitFlagStateUntilTimeout
                0x0000000008007ffc       0x82 build/Drivers/STM32F3xx_HAL_Driver/Src/stm32f3xx_hal_spi.o
 .text.SPI_EndRxTxTransaction
                0x000000000800807e       0x4c build/Drivers/STM32F3xx_HAL_Driver/Src/stm32f3xx_hal_spi.o
 .text.HAL_SPI_MspInit
                0x00000000080080ca        0x2 build/Drivers/STM32F3xx_HAL_Driver/Src/stm32f3xx_hal_spi.o
                0x00000000080080ca                HAL_SPI_MspInit
 .text.HAL_SPI_Init
                0x00000000080080cc       0xa4 build/Drivers/STM32F3xx_HAL_Driver/Src/stm32f3xx_hal_spi.o
                0x00000000080080cc                HAL_SPI_Init
 .text.HAL_SPI_MspDeInit
                0x0000000008008170        0x2 build/Drivers/STM32F3xx_HAL_Driver/Src/stm32f3xx_hal_spi.o
                0x0000000008008170                HAL_SPI_MspDeInit
 .text.HAL_SPI_DeInit
                0x0000000008008172       0x2a build/Drivers/STM32F3xx_HAL_Driver/Src/stm32f3xx_hal_spi.o
                0x0000000008008172                HAL_SPI_DeInit
 .text.HAL_SPI_TransmitReceive
                0x000000000800819c      0x270 build/Drivers/STM32F3xx_HAL_Driver/Src/stm32f3xx_hal_spi.o
                0x000000000800819c                HAL_SPI_TransmitReceive
 .text.HAL_SPI_GetState
                0x000000000800840c        0x6 build/Drivers/STM32F3xx_HAL_Driver/Src/stm32f3xx_hal_spi.o
                0x000000000800840c                HAL_SPI_GetState
 .text.HAL_IWDG_MspInit
                0x0000000008008412        0x2 build/Drivers/STM32F3xx_HAL_Driver/Src/stm32f3xx_hal_iwdg.o
                0x0000000008008412                HAL_IWDG_MspInit
 .text.HAL_IWDG_Init
                0x0000000008008414       0x9e build/Drivers/STM32F3xx_HAL_Driver/Src/stm32f3xx_hal_iwdg.o
                0x0000000008008414                HAL_IWDG_Init
 .text.HAL_IWDG_Start
                0x00000000080084b2       0x74 build/Drivers/STM32F3xx_HAL_Driver/Src/stm32f3xx_hal_iwdg.o
                0x00000000080084b2                HAL_IWDG_Start
 .text.HAL_IWDG_Refresh
                0x0000000008008526       0x50 build/Drivers/STM32F3xx_HAL_Driver/Src/stm32f3xx_hal_iwdg.o
                0x0000000008008526                HAL_IWDG_Refresh
 .text.CmdW     0x0000000008008576       0x1c build/monitor.o
                0x0000000008008576                CmdW
 *fill*         0x0000000008008592        0x2 
 .text.CmdR     0x0000000008008594       0x20 build/monitor.o
                0x0000000008008594                CmdR
 .text.parse    0x00000000080085b4       0xf8 build/parser.o
                0x00000000080085b4                parse
 .text.TaskInput
                0x00000000080086ac      0x13c build/parser.o
                0x00000000080086ac                TaskInput
 .text.fetch_uint32_arg
                0x00000000080087e8       0x28 build/parser.o
                0x00000000080087e8                fetch_uint32_arg
 .text.fetch_string_arg
                0x0000000008008810       0x20 build/parser.o
                0x0000000008008810                fetch_string_arg
 .text.DumpBuffer
                0x0000000008008830       0xb0 build/dump.o
                0x0000000008008830                DumpBuffer
 .text.CmdDump  0x00000000080088e0       0x54 build/dump.o
                0x00000000080088e0                CmdDump
 .text._sbrk_r  0x0000000008008934       0x30 build/syscall.o
                0x0000000008008934                _sbrk_r
 .text._close_r
                0x0000000008008964        0x6 build/syscall.o
                0x0000000008008964                _close_r
 .text._fstat_r
                0x000000000800896a        0xa build/syscall.o
                0x000000000800896a                _fstat_r
 .text._isatty_r
                0x0000000008008974        0x4 build/syscall.o
                0x0000000008008974                _isatty_r
 .text._lseek_r
                0x0000000008008978        0x4 build/syscall.o
                0x0000000008008978                _lseek_r
 .text.USBD_CDC_DataIn
                0x000000000800897c       0x7c build/terminal.o
 .text.CmdStats
                0x00000000080089f8       0x4c build/terminal.o
                0x00000000080089f8                CmdStats
 .text.TerminalInit
                0x0000000008008a44       0x7c build/terminal.o
                0x0000000008008a44                TerminalInit
 .text.TerminalRead
                0x0000000008008ac0       0x4c build/terminal.o
                0x0000000008008ac0                TerminalRead
 .text._read_r  0x0000000008008b0c        0xa build/terminal.o
                0x0000000008008b0c                _read_r
 .text.TerminalReadNonBlock
                0x0000000008008b16       0x10 build/terminal.o
                0x0000000008008b16                TerminalReadNonBlock
 .text.TerminalReadAnyNonBlock
                0x0000000008008b26       0x12 build/terminal.o
                0x0000000008008b26                TerminalReadAnyNonBlock
 .text.TerminalOutputBufferWrite
                0x0000000008008b38       0xe8 build/terminal.o
                0x0000000008008b38                TerminalOutputBufferWrite
 .text._write_r
                0x0000000008008c20       0x40 build/terminal.o
                0x0000000008008c20                _write_r
 .text.TerminalInputBufferWrite
                0x0000000008008c60       0x64 build/terminal.o
                0x0000000008008c60                TerminalInputBufferWrite
 .text.USB_LP_CAN_RX0_IRQHandler
                0x0000000008008cc4        0xc build/terminal.o
                0x0000000008008cc4                USB_LP_CAN_RX0_IRQHandler
 .text.Uncompress
                0x0000000008008cd0       0x7c build/decoder/decoder.o
 .text.DecodeReadRegister
                0x0000000008008d4c       0x54 build/decoder/decoder.o
                0x0000000008008d4c                DecodeReadRegister
 .text.DecodeWriteRegister
                0x0000000008008da0       0x54 build/decoder/decoder.o
                0x0000000008008da0                DecodeWriteRegister
 .text.DecodeField
                0x0000000008008df4       0x50 build/decoder/decoder.o
                0x0000000008008df4                DecodeField
 .text.DecodeRegister
                0x0000000008008e44       0x60 build/decoder/decoder.o
                0x0000000008008e44                DecodeRegister
 .text.DecodePeripheral
                0x0000000008008ea4       0x54 build/decoder/decoder.o
                0x0000000008008ea4                DecodePeripheral
 .text.DecodePrintPeripherals
                0x0000000008008ef8       0x54 build/decoder/decoder.o
                0x0000000008008ef8                DecodePrintPeripherals
 .text.DecodePrintRegisters
                0x0000000008008f4c       0x64 build/decoder/decoder.o
                0x0000000008008f4c                DecodePrintRegisters
 .text.CmdDecode
                0x0000000008008fb0      0x270 build/decoder/decoder.o
                0x0000000008008fb0                CmdDecode
 .text.SystemInit
                0x0000000008009220       0x68 build/Drivers/CMSIS/Device/ST/STM32F3xx/Source/Templates/system_stm32f3xx.o
                0x0000000008009220                SystemInit
 .text.HAL_RCC_OscConfig
                0x0000000008009288      0x5bc build/Drivers/STM32F3xx_HAL_Driver/Src/stm32f3xx_hal_rcc.o
                0x0000000008009288                HAL_RCC_OscConfig
 .text.HAL_RCC_ClockConfig
                0x0000000008009844      0x2b0 build/Drivers/STM32F3xx_HAL_Driver/Src/stm32f3xx_hal_rcc.o
                0x0000000008009844                HAL_RCC_ClockConfig
 .text.HAL_RCC_GetSysClockFreq
                0x0000000008009af4       0x6c build/Drivers/STM32F3xx_HAL_Driver/Src/stm32f3xx_hal_rcc.o
                0x0000000008009af4                HAL_RCC_GetSysClockFreq
 .text.HAL_RCC_GetHCLKFreq
                0x0000000008009b60       0x38 build/Drivers/STM32F3xx_HAL_Driver/Src/stm32f3xx_hal_rcc.o
                0x0000000008009b60                HAL_RCC_GetHCLKFreq
 .text.HAL_MspInit
                0x0000000008009b98        0x2 build/Drivers/STM32F3xx_HAL_Driver/Src/stm32f3xx_hal.o
                0x0000000008009b98                HAL_MspInit
 .text.HAL_InitTick
                0x0000000008009b9a       0x28 build/Drivers/STM32F3xx_HAL_Driver/Src/stm32f3xx_hal.o
                0x0000000008009b9a                HAL_InitTick
 *fill*         0x0000000008009bc2        0x2 
 .text.HAL_Init
                0x0000000008009bc4       0x24 build/Drivers/STM32F3xx_HAL_Driver/Src/stm32f3xx_hal.o
                0x0000000008009bc4                HAL_Init
 .text.HAL_IncTick
                0x0000000008009be8       0x10 build/Drivers/STM32F3xx_HAL_Driver/Src/stm32f3xx_hal.o
                0x0000000008009be8                HAL_IncTick
 .text.HAL_GetTick
                0x0000000008009bf8        0xc build/Drivers/STM32F3xx_HAL_Driver/Src/stm32f3xx_hal.o
                0x0000000008009bf8                HAL_GetTick
 .text.HAL_Delay
                0x0000000008009c04       0x1a build/Drivers/STM32F3xx_HAL_Driver/Src/stm32f3xx_hal.o
                0x0000000008009c04                HAL_Delay
 *fill*         0x0000000008009c1e        0x2 
 .text.HAL_NVIC_SetPriorityGrouping
                0x0000000008009c20       0x24 build/Drivers/STM32F3xx_HAL_Driver/Src/stm32f3xx_hal_cortex.o
                0x0000000008009c20                HAL_NVIC_SetPriorityGrouping
 .text.HAL_NVIC_SetPriority
                0x0000000008009c44       0x68 build/Drivers/STM32F3xx_HAL_Driver/Src/stm32f3xx_hal_cortex.o
                0x0000000008009c44                HAL_NVIC_SetPriority
 .text.HAL_NVIC_EnableIRQ
                0x0000000008009cac       0x18 build/Drivers/STM32F3xx_HAL_Driver/Src/stm32f3xx_hal_cortex.o
                0x0000000008009cac                HAL_NVIC_EnableIRQ
 .text.HAL_SYSTICK_Config
                0x0000000008009cc4       0x28 build/Drivers/STM32F3xx_HAL_Driver/Src/stm32f3xx_hal_cortex.o
                0x0000000008009cc4                HAL_SYSTICK_Config
 .text.HAL_GPIO_Init
                0x0000000008009cec      0x188 build/Drivers/STM32F3xx_HAL_Driver/Src/stm32f3xx_hal_gpio.o
                0x0000000008009cec                HAL_GPIO_Init
 .text.HAL_GPIO_ReadPin
                0x0000000008009e74        0xc build/Drivers/STM32F3xx_HAL_Driver/Src/stm32f3xx_hal_gpio.o
                0x0000000008009e74                HAL_GPIO_ReadPin
 .text.HAL_GPIO_WritePin
                0x0000000008009e80        0xa build/Drivers/STM32F3xx_HAL_Driver/Src/stm32f3xx_hal_gpio.o
                0x0000000008009e80                HAL_GPIO_WritePin
 .text.HAL_GPIO_TogglePin
                0x0000000008009e8a        0x8 build/Drivers/STM32F3xx_HAL_Driver/Src/stm32f3xx_hal_gpio.o
                0x0000000008009e8a                HAL_GPIO_TogglePin
 .text.HAL_GPIO_EXTI_Callback
                0x0000000008009e92        0x2 build/Drivers/STM32F3xx_HAL_Driver/Src/stm32f3xx_hal_gpio.o
                0x0000000008009e92                HAL_GPIO_EXTI_Callback
 .text.HAL_GPIO_EXTI_IRQHandler
                0x0000000008009e94       0x18 build/Drivers/STM32F3xx_HAL_Driver/Src/stm32f3xx_hal_gpio.o
                0x0000000008009e94                HAL_GPIO_EXTI_IRQHandler
 .text.HAL_PCD_Init
                0x0000000008009eac       0x92 build/Drivers/STM32F3xx_HAL_Driver/Src/stm32f3xx_hal_pcd.o
                0x0000000008009eac                HAL_PCD_Init
 .text.HAL_PCD_Start
                0x0000000008009f3e        0xc build/Drivers/STM32F3xx_HAL_Driver/Src/stm32f3xx_hal_pcd.o
                0x0000000008009f3e                HAL_PCD_Start
 .text.HAL_PCD_SetAddress
                0x0000000008009f4a       0x2c build/Drivers/STM32F3xx_HAL_Driver/Src/stm32f3xx_hal_pcd.o
                0x0000000008009f4a                HAL_PCD_SetAddress
 *fill*         0x0000000008009f76        0x2 
 .text.HAL_PCD_EP_Open
                0x0000000008009f78      0x2e4 build/Drivers/STM32F3xx_HAL_Driver/Src/stm32f3xx_hal_pcd.o
                0x0000000008009f78                HAL_PCD_EP_Open
 .text.HAL_PCD_EP_Close
                0x000000000800a25c      0x1b8 build/Drivers/STM32F3xx_HAL_Driver/Src/stm32f3xx_hal_pcd.o
                0x000000000800a25c                HAL_PCD_EP_Close
 .text.HAL_PCD_EP_Receive
                0x000000000800a414       0xc8 build/Drivers/STM32F3xx_HAL_Driver/Src/stm32f3xx_hal_pcd.o
                0x000000000800a414                HAL_PCD_EP_Receive
 .text.HAL_PCD_EP_GetRxCount
                0x000000000800a4dc       0x10 build/Drivers/STM32F3xx_HAL_Driver/Src/stm32f3xx_hal_pcd.o
                0x000000000800a4dc                HAL_PCD_EP_GetRxCount
 .text.HAL_PCD_EP_Transmit
                0x000000000800a4ec      0x116 build/Drivers/STM32F3xx_HAL_Driver/Src/stm32f3xx_hal_pcd.o
                0x000000000800a4ec                HAL_PCD_EP_Transmit
 *fill*         0x000000000800a602        0x2 
 .text.HAL_PCD_IRQHandler
                0x000000000800a604      0x488 build/Drivers/STM32F3xx_HAL_Driver/Src/stm32f3xx_hal_pcd.o
                0x000000000800a604                HAL_PCD_IRQHandler
 .text.HAL_PCD_EP_SetStall
                0x000000000800aa8c       0xa0 build/Drivers/STM32F3xx_HAL_Driver/Src/stm32f3xx_hal_pcd.o
                0x000000000800aa8c                HAL_PCD_EP_SetStall
 .text.HAL_PCD_EP_ClrStall
                0x000000000800ab2c       0xbc build/Drivers/STM32F3xx_HAL_Driver/Src/stm32f3xx_hal_pcd.o
                0x000000000800ab2c                HAL_PCD_EP_ClrStall
 .text.HAL_PCDEx_PMAConfig
                0x000000000800abe8       0x36 build/Drivers/STM32F3xx_HAL_Driver/Src/stm32f3xx_hal_pcd_ex.o
                0x000000000800abe8                HAL_PCDEx_PMAConfig
 .text.PCD_WritePMA
                0x000000000800ac1e       0x1c build/Drivers/STM32F3xx_HAL_Driver/Src/stm32f3xx_hal_pcd_ex.o
                0x000000000800ac1e                PCD_WritePMA
 .text.PCD_ReadPMA
                0x000000000800ac3a       0x1c build/Drivers/STM32F3xx_HAL_Driver/Src/stm32f3xx_hal_pcd_ex.o
                0x000000000800ac3a                PCD_ReadPMA
 .text.HAL_PCDEx_SetConnectionState
                0x000000000800ac56        0x2 build/Drivers/STM32F3xx_HAL_Driver/Src/stm32f3xx_hal_pcd_ex.o
                0x000000000800ac56                HAL_PCDEx_SetConnectionState
 .text.I2C_TransferConfig
                0x000000000800ac58       0x2a build/Drivers/STM32F3xx_HAL_Driver/Src/stm32f3xx_hal_i2c.o
 .text.I2C_IsAcknowledgeFailed
                0x000000000800ac82       0x98 build/Drivers/STM32F3xx_HAL_Driver/Src/stm32f3xx_hal_i2c.o
 .text.I2C_WaitOnTXISFlagUntilTimeout
                0x000000000800ad1a       0x54 build/Drivers/STM32F3xx_HAL_Driver/Src/stm32f3xx_hal_i2c.o
 .text.I2C_WaitOnFlagUntilTimeout
                0x000000000800ad6e       0x64 build/Drivers/STM32F3xx_HAL_Driver/Src/stm32f3xx_hal_i2c.o
 .text.I2C_RequestMemoryWrite
                0x000000000800add2       0x66 build/Drivers/STM32F3xx_HAL_Driver/Src/stm32f3xx_hal_i2c.o
 .text.I2C_RequestMemoryRead
                0x000000000800ae38       0x64 build/Drivers/STM32F3xx_HAL_Driver/Src/stm32f3xx_hal_i2c.o
 .text.I2C_WaitOnSTOPFlagUntilTimeout
                0x000000000800ae9c       0x50 build/Drivers/STM32F3xx_HAL_Driver/Src/stm32f3xx_hal_i2c.o
 .text.HAL_I2C_MspInit
                0x000000000800aeec        0x2 build/Drivers/STM32F3xx_HAL_Driver/Src/stm32f3xx_hal_i2c.o
                0x000000000800aeec                HAL_I2C_MspInit
 .text.HAL_I2C_Init
                0x000000000800aeee       0x90 build/Drivers/STM32F3xx_HAL_Driver/Src/stm32f3xx_hal_i2c.o
                0x000000000800aeee                HAL_I2C_Init
 .text.HAL_I2C_MspDeInit
                0x000000000800af7e        0x2 build/Drivers/STM32F3xx_HAL_Driver/Src/stm32f3xx_hal_i2c.o
                0x000000000800af7e                HAL_I2C_MspDeInit
 .text.HAL_I2C_DeInit
                0x000000000800af80       0x2e build/Drivers/STM32F3xx_HAL_Driver/Src/stm32f3xx_hal_i2c.o
                0x000000000800af80                HAL_I2C_DeInit
 .text.HAL_I2C_Mem_Write
                0x000000000800afae      0x104 build/Drivers/STM32F3xx_HAL_Driver/Src/stm32f3xx_hal_i2c.o
                0x000000000800afae                HAL_I2C_Mem_Write
 .text.HAL_I2C_Mem_Read
                0x000000000800b0b2      0x10e build/Drivers/STM32F3xx_HAL_Driver/Src/stm32f3xx_hal_i2c.o
                0x000000000800b0b2                HAL_I2C_Mem_Read
 .text.HAL_I2C_GetState
                0x000000000800b1c0        0x6 build/Drivers/STM32F3xx_HAL_Driver/Src/stm32f3xx_hal_i2c.o
                0x000000000800b1c0                HAL_I2C_GetState
 .text.USBD_Init
                0x000000000800b1c6       0x2a build/Drivers/STM32_USB_Device_Library/Core/Src/usbd_core.o
                0x000000000800b1c6                USBD_Init
 .text.USBD_RegisterClass
                0x000000000800b1f0        0xe build/Drivers/STM32_USB_Device_Library/Core/Src/usbd_core.o
                0x000000000800b1f0                USBD_RegisterClass
 .text.USBD_Start
                0x000000000800b1fe        0xa build/Drivers/STM32_USB_Device_Library/Core/Src/usbd_core.o
                0x000000000800b1fe                USBD_Start
 .text.USBD_SetClassConfig
                0x000000000800b208       0x16 build/Drivers/STM32_USB_Device_Library/Core/Src/usbd_core.o
                0x000000000800b208                USBD_SetClassConfig
 .text.USBD_ClrClassConfig
                0x000000000800b21e        0xe build/Drivers/STM32_USB_Device_Library/Core/Src/usbd_core.o
                0x000000000800b21e                USBD_ClrClassConfig
 .text.USBD_LL_SetupStage
                0x000000000800b22c       0x5a build/Drivers/STM32_USB_Device_Library/Core/Src/usbd_core.o
                0x000000000800b22c                USBD_LL_SetupStage
 .text.USBD_LL_DataOutStage
                0x000000000800b286       0x60 build/Drivers/STM32_USB_Device_Library/Core/Src/usbd_core.o
                0x000000000800b286                USBD_LL_DataOutStage
 .text.USBD_LL_DataInStage
                0x000000000800b2e6       0x8c build/Drivers/STM32_USB_Device_Library/Core/Src/usbd_core.o
                0x000000000800b2e6                USBD_LL_DataInStage
 .text.USBD_LL_Reset
                0x000000000800b372       0x3e build/Drivers/STM32_USB_Device_Library/Core/Src/usbd_core.o
                0x000000000800b372                USBD_LL_Reset
 .text.USBD_LL_SetSpeed
                0x000000000800b3b0        0x6 build/Drivers/STM32_USB_Device_Library/Core/Src/usbd_core.o
                0x000000000800b3b0                USBD_LL_SetSpeed
 .text.USBD_LL_SOF
                0x000000000800b3b6       0x18 build/Drivers/STM32_USB_Device_Library/Core/Src/usbd_core.o
                0x000000000800b3b6                USBD_LL_SOF
 .text.USBD_CtlError.constprop.0
                0x000000000800b3ce       0x16 build/Drivers/STM32_USB_Device_Library/Core/Src/usbd_ctlreq.o
 .text.USBD_StdDevReq
                0x000000000800b3e4      0x1f4 build/Drivers/STM32_USB_Device_Library/Core/Src/usbd_ctlreq.o
                0x000000000800b3e4                USBD_StdDevReq
 .text.USBD_StdItfReq
                0x000000000800b5d8       0x30 build/Drivers/STM32_USB_Device_Library/Core/Src/usbd_ctlreq.o
                0x000000000800b5d8                USBD_StdItfReq
 .text.USBD_StdEPReq
                0x000000000800b608       0xae build/Drivers/STM32_USB_Device_Library/Core/Src/usbd_ctlreq.o
                0x000000000800b608                USBD_StdEPReq
 .text.USBD_ParseSetupRequest
                0x000000000800b6b6       0x28 build/Drivers/STM32_USB_Device_Library/Core/Src/usbd_ctlreq.o
                0x000000000800b6b6                USBD_ParseSetupRequest
 .text.USBD_GetString
                0x000000000800b6de       0x38 build/Drivers/STM32_USB_Device_Library/Core/Src/usbd_ctlreq.o
                0x000000000800b6de                USBD_GetString
 .text.USBD_CtlSendData
                0x000000000800b716       0x1a build/Drivers/STM32_USB_Device_Library/Core/Src/usbd_ioreq.o
                0x000000000800b716                USBD_CtlSendData
 .text.USBD_CtlContinueSendData
                0x000000000800b730       0x10 build/Drivers/STM32_USB_Device_Library/Core/Src/usbd_ioreq.o
                0x000000000800b730                USBD_CtlContinueSendData
 .text.USBD_CtlPrepareRx
                0x000000000800b740       0x1a build/Drivers/STM32_USB_Device_Library/Core/Src/usbd_ioreq.o
                0x000000000800b740                USBD_CtlPrepareRx
 .text.USBD_CtlContinueRx
                0x000000000800b75a       0x10 build/Drivers/STM32_USB_Device_Library/Core/Src/usbd_ioreq.o
                0x000000000800b75a                USBD_CtlContinueRx
 .text.USBD_CtlSendStatus
                0x000000000800b76a       0x16 build/Drivers/STM32_USB_Device_Library/Core/Src/usbd_ioreq.o
                0x000000000800b76a                USBD_CtlSendStatus
 .text.USBD_CtlReceiveStatus
                0x000000000800b780       0x16 build/Drivers/STM32_USB_Device_Library/Core/Src/usbd_ioreq.o
                0x000000000800b780                USBD_CtlReceiveStatus
 .text.USBD_CDC_DataIn
                0x000000000800b796       0x12 build/Drivers/STM32_USB_Device_Library/Class/CDC/Src/usbd_cdc.o
 .text.USBD_CDC_EP0_RxReady
                0x000000000800b7a8       0x28 build/Drivers/STM32_USB_Device_Library/Class/CDC/Src/usbd_cdc.o
 .text.USBD_CDC_GetFSCfgDesc
                0x000000000800b7d0        0xc build/Drivers/STM32_USB_Device_Library/Class/CDC/Src/usbd_cdc.o
 .text.USBD_CDC_GetHSCfgDesc
                0x000000000800b7dc        0xc build/Drivers/STM32_USB_Device_Library/Class/CDC/Src/usbd_cdc.o
 .text.USBD_CDC_GetOtherSpeedCfgDesc
                0x000000000800b7e8        0xc build/Drivers/STM32_USB_Device_Library/Class/CDC/Src/usbd_cdc.o
 .text.USBD_CDC_GetDeviceQualifierDescriptor
                0x000000000800b7f4        0xc build/Drivers/STM32_USB_Device_Library/Class/CDC/Src/usbd_cdc.o
                0x000000000800b7f4                USBD_CDC_GetDeviceQualifierDescriptor
 .text.USBD_CDC_DataOut
                0x000000000800b800       0x2e build/Drivers/STM32_USB_Device_Library/Class/CDC/Src/usbd_cdc.o
 .text.USBD_CDC_Setup
                0x000000000800b82e       0x56 build/Drivers/STM32_USB_Device_Library/Class/CDC/Src/usbd_cdc.o
 .text.USBD_CDC_DeInit
                0x000000000800b884       0x3a build/Drivers/STM32_USB_Device_Library/Class/CDC/Src/usbd_cdc.o
 .text.USBD_CDC_Init
                0x000000000800b8be       0x8c build/Drivers/STM32_USB_Device_Library/Class/CDC/Src/usbd_cdc.o
 .text.USBD_CDC_RegisterInterface
                0x000000000800b94a        0xe build/Drivers/STM32_USB_Device_Library/Class/CDC/Src/usbd_cdc.o
                0x000000000800b94a                USBD_CDC_RegisterInterface
 .text.USBD_CDC_SetTxBuffer
                0x000000000800b958       0x10 build/Drivers/STM32_USB_Device_Library/Class/CDC/Src/usbd_cdc.o
                0x000000000800b958                USBD_CDC_SetTxBuffer
 .text.USBD_CDC_SetRxBuffer
                0x000000000800b968        0xc build/Drivers/STM32_USB_Device_Library/Class/CDC/Src/usbd_cdc.o
                0x000000000800b968                USBD_CDC_SetRxBuffer
 .text.USBD_CDC_TransmitPacket
                0x000000000800b974       0x2e build/Drivers/STM32_USB_Device_Library/Class/CDC/Src/usbd_cdc.o
                0x000000000800b974                USBD_CDC_TransmitPacket
 .text.USBD_CDC_ReceivePacket
                0x000000000800b9a2       0x2e build/Drivers/STM32_USB_Device_Library/Class/CDC/Src/usbd_cdc.o
                0x000000000800b9a2                USBD_CDC_ReceivePacket
 .text.HAL_PCD_MspInit
                0x000000000800b9d0       0x98 build/usbd_conf.o
                0x000000000800b9d0                HAL_PCD_MspInit
 .text.HAL_PCD_SetupStageCallback
                0x000000000800ba68        0xc build/usbd_conf.o
                0x000000000800ba68                HAL_PCD_SetupStageCallback
 .text.HAL_PCD_DataOutStageCallback
                0x000000000800ba74       0x12 build/usbd_conf.o
                0x000000000800ba74                HAL_PCD_DataOutStageCallback
 .text.HAL_PCD_DataInStageCallback
                0x000000000800ba86       0x10 build/usbd_conf.o
                0x000000000800ba86                HAL_PCD_DataInStageCallback
 .text.HAL_PCD_SOFCallback
                0x000000000800ba96        0x8 build/usbd_conf.o
                0x000000000800ba96                HAL_PCD_SOFCallback
 .text.HAL_PCD_ResetCallback
                0x000000000800ba9e       0x1a build/usbd_conf.o
                0x000000000800ba9e                HAL_PCD_ResetCallback
 .text.HAL_PCD_SuspendCallback
                0x000000000800bab8        0x2 build/usbd_conf.o
                0x000000000800bab8                HAL_PCD_SuspendCallback
 .text.HAL_PCD_ResumeCallback
                0x000000000800baba        0x2 build/usbd_conf.o
                0x000000000800baba                HAL_PCD_ResumeCallback
 .text.USBD_LL_Init
                0x000000000800babc       0x7c build/usbd_conf.o
                0x000000000800babc                USBD_LL_Init
 .text.USBD_LL_Start
                0x000000000800bb38        0xe build/usbd_conf.o
                0x000000000800bb38                USBD_LL_Start
 .text.USBD_LL_OpenEP
                0x000000000800bb46       0x14 build/usbd_conf.o
                0x000000000800bb46                USBD_LL_OpenEP
 .text.USBD_LL_CloseEP
                0x000000000800bb5a        0xe build/usbd_conf.o
                0x000000000800bb5a                USBD_LL_CloseEP
 .text.USBD_LL_StallEP
                0x000000000800bb68        0xe build/usbd_conf.o
                0x000000000800bb68                USBD_LL_StallEP
 .text.USBD_LL_ClearStallEP
                0x000000000800bb76        0xe build/usbd_conf.o
                0x000000000800bb76                USBD_LL_ClearStallEP
 .text.USBD_LL_IsStallEP
                0x000000000800bb84       0x26 build/usbd_conf.o
                0x000000000800bb84                USBD_LL_IsStallEP
 .text.USBD_LL_SetUSBAddress
                0x000000000800bbaa        0xe build/usbd_conf.o
                0x000000000800bbaa                USBD_LL_SetUSBAddress
 .text.USBD_LL_Transmit
                0x000000000800bbb8        0xe build/usbd_conf.o
                0x000000000800bbb8                USBD_LL_Transmit
 .text.USBD_LL_PrepareReceive
                0x000000000800bbc6        0xe build/usbd_conf.o
                0x000000000800bbc6                USBD_LL_PrepareReceive
 .text.USBD_LL_GetRxDataSize
                0x000000000800bbd4        0xc build/usbd_conf.o
                0x000000000800bbd4                USBD_LL_GetRxDataSize
 .text.USBD_static_malloc
                0x000000000800bbe0        0x8 build/usbd_conf.o
                0x000000000800bbe0                USBD_static_malloc
 .text.USBD_static_free
                0x000000000800bbe8        0x2 build/usbd_conf.o
                0x000000000800bbe8                USBD_static_free
 *fill*         0x000000000800bbea        0x2 
 .text.USBD_VCP_DeviceDescriptor
                0x000000000800bbec        0xc build/usbd_desc.o
                0x000000000800bbec                USBD_VCP_DeviceDescriptor
 .text.USBD_VCP_LangIDStrDescriptor
                0x000000000800bbf8        0xc build/usbd_desc.o
                0x000000000800bbf8                USBD_VCP_LangIDStrDescriptor
 .text.IntToUnicode
                0x000000000800bc04       0x2a build/usbd_desc.o
 *fill*         0x000000000800bc2e        0x2 
 .text.USBD_VCP_SerialStrDescriptor
                0x000000000800bc30       0x3c build/usbd_desc.o
                0x000000000800bc30                USBD_VCP_SerialStrDescriptor
 .text.USBD_VCP_ProductStrDescriptor
                0x000000000800bc6c       0x1c build/usbd_desc.o
                0x000000000800bc6c                USBD_VCP_ProductStrDescriptor
 .text.USBD_VCP_ManufacturerStrDescriptor
                0x000000000800bc88       0x1c build/usbd_desc.o
                0x000000000800bc88                USBD_VCP_ManufacturerStrDescriptor
 .text.USBD_VCP_ConfigStrDescriptor
                0x000000000800bca4       0x1c build/usbd_desc.o
                0x000000000800bca4                USBD_VCP_ConfigStrDescriptor
 .text.USBD_VCP_InterfaceStrDescriptor
                0x000000000800bcc0       0x1c build/usbd_desc.o
                0x000000000800bcc0                USBD_VCP_InterfaceStrDescriptor
 .text.CDC_Itf_DeInit
                0x000000000800bcdc        0x4 build/usbd_cdc_interface.o
 .text.CDC_Itf_Control
                0x000000000800bce0       0x48 build/usbd_cdc_interface.o
 .text.CDC_Itf_Receive
                0x000000000800bd28       0x1c build/usbd_cdc_interface.o
 .text.CDC_Itf_Init
                0x000000000800bd44       0x18 build/usbd_cdc_interface.o
 .text.SPIx_Init
                0x000000000800bd5c       0x88 build/Drivers/BSP/STM32F3-Discovery/stm32f3_discovery.o
 .text.SPIx_WriteRead
                0x000000000800bde4       0x40 build/Drivers/BSP/STM32F3-Discovery/stm32f3_discovery.o
 .text.I2Cx_Init
                0x000000000800be24       0x74 build/Drivers/BSP/STM32F3-Discovery/stm32f3_discovery.o
 .text.BSP_LED_Init
                0x000000000800be98       0x6c build/Drivers/BSP/STM32F3-Discovery/stm32f3_discovery.o
                0x000000000800be98                BSP_LED_Init
 .text.BSP_LED_On
                0x000000000800bf04       0x1c build/Drivers/BSP/STM32F3-Discovery/stm32f3_discovery.o
                0x000000000800bf04                BSP_LED_On
 .text.BSP_LED_Off
                0x000000000800bf20       0x1c build/Drivers/BSP/STM32F3-Discovery/stm32f3_discovery.o
                0x000000000800bf20                BSP_LED_Off
 .text.BSP_LED_Toggle
                0x000000000800bf3c       0x18 build/Drivers/BSP/STM32F3-Discovery/stm32f3_discovery.o
                0x000000000800bf3c                BSP_LED_Toggle
 .text.BSP_PB_Init
                0x000000000800bf54       0x74 build/Drivers/BSP/STM32F3-Discovery/stm32f3_discovery.o
                0x000000000800bf54                BSP_PB_Init
 .text.BSP_PB_GetState
                0x000000000800bfc8       0x14 build/Drivers/BSP/STM32F3-Discovery/stm32f3_discovery.o
                0x000000000800bfc8                BSP_PB_GetState
 .text.GYRO_IO_Init
                0x000000000800bfdc       0x60 build/Drivers/BSP/STM32F3-Discovery/stm32f3_discovery.o
                0x000000000800bfdc                GYRO_IO_Init
 .text.GYRO_IO_Write
                0x000000000800c03c       0x44 build/Drivers/BSP/STM32F3-Discovery/stm32f3_discovery.o
                0x000000000800c03c                GYRO_IO_Write
 .text.GYRO_IO_Read
                0x000000000800c080       0x48 build/Drivers/BSP/STM32F3-Discovery/stm32f3_discovery.o
                0x000000000800c080                GYRO_IO_Read
 .text.COMPASSACCELERO_IO_Init
                0x000000000800c0c8       0x64 build/Drivers/BSP/STM32F3-Discovery/stm32f3_discovery.o
                0x000000000800c0c8                COMPASSACCELERO_IO_Init
 .text.COMPASSACCELERO_IO_ITConfig
                0x000000000800c12c       0x48 build/Drivers/BSP/STM32F3-Discovery/stm32f3_discovery.o
                0x000000000800c12c                COMPASSACCELERO_IO_ITConfig
 .text.COMPASSACCELERO_IO_Write
                0x000000000800c174       0x3c build/Drivers/BSP/STM32F3-Discovery/stm32f3_discovery.o
                0x000000000800c174                COMPASSACCELERO_IO_Write
 .text.COMPASSACCELERO_IO_Read
                0x000000000800c1b0       0x40 build/Drivers/BSP/STM32F3-Discovery/stm32f3_discovery.o
                0x000000000800c1b0                COMPASSACCELERO_IO_Read
 .text.BSP_ACCELERO_Init
                0x000000000800c1f0       0x40 build/Drivers/BSP/STM32F3-Discovery/stm32f3_discovery_accelerometer.o
                0x000000000800c1f0                BSP_ACCELERO_Init
 .text.BSP_ACCELERO_GetXYZ
                0x000000000800c230       0x10 build/Drivers/BSP/STM32F3-Discovery/stm32f3_discovery_accelerometer.o
                0x000000000800c230                BSP_ACCELERO_GetXYZ
 .text.BSP_GYRO_Init
                0x000000000800c240       0x68 build/Drivers/BSP/STM32F3-Discovery/stm32f3_discovery_gyroscope.o
                0x000000000800c240                BSP_GYRO_Init
 .text.BSP_GYRO_GetXYZ
                0x000000000800c2a8       0x10 build/Drivers/BSP/STM32F3-Discovery/stm32f3_discovery_gyroscope.o
                0x000000000800c2a8                BSP_GYRO_GetXYZ
 .text.LSM303DLHC_AccDeInit
                0x000000000800c2b8        0x2 build/Drivers/BSP/Components/lsm303dlhc/lsm303dlhc.o
                0x000000000800c2b8                LSM303DLHC_AccDeInit
 .text.LSM303DLHC_AccInit
                0x000000000800c2ba       0x20 build/Drivers/BSP/Components/lsm303dlhc/lsm303dlhc.o
                0x000000000800c2ba                LSM303DLHC_AccInit
 .text.LSM303DLHC_AccReadID
                0x000000000800c2da       0x12 build/Drivers/BSP/Components/lsm303dlhc/lsm303dlhc.o
                0x000000000800c2da                LSM303DLHC_AccReadID
 .text.LSM303DLHC_AccRebootCmd
                0x000000000800c2ec       0x1c build/Drivers/BSP/Components/lsm303dlhc/lsm303dlhc.o
                0x000000000800c2ec                LSM303DLHC_AccRebootCmd
 .text.LSM303DLHC_AccFilterConfig
                0x000000000800c308       0x20 build/Drivers/BSP/Components/lsm303dlhc/lsm303dlhc.o
                0x000000000800c308                LSM303DLHC_AccFilterConfig
 .text.LSM303DLHC_AccFilterCmd
                0x000000000800c328       0x20 build/Drivers/BSP/Components/lsm303dlhc/lsm303dlhc.o
                0x000000000800c328                LSM303DLHC_AccFilterCmd
 .text.LSM303DLHC_AccReadXYZ
                0x000000000800c348       0xae build/Drivers/BSP/Components/lsm303dlhc/lsm303dlhc.o
                0x000000000800c348                LSM303DLHC_AccReadXYZ
 .text.LSM303DLHC_AccFilterClickCmd
                0x000000000800c3f6       0x20 build/Drivers/BSP/Components/lsm303dlhc/lsm303dlhc.o
                0x000000000800c3f6                LSM303DLHC_AccFilterClickCmd
 .text.LSM303DLHC_AccIT1Enable
                0x000000000800c416       0x1c build/Drivers/BSP/Components/lsm303dlhc/lsm303dlhc.o
                0x000000000800c416                LSM303DLHC_AccIT1Enable
 .text.LSM303DLHC_AccClickITEnable
                0x000000000800c432       0x44 build/Drivers/BSP/Components/lsm303dlhc/lsm303dlhc.o
                0x000000000800c432                LSM303DLHC_AccClickITEnable
 .text.LSM303DLHC_AccZClickITConfig
                0x000000000800c476       0x1c build/Drivers/BSP/Components/lsm303dlhc/lsm303dlhc.o
                0x000000000800c476                LSM303DLHC_AccZClickITConfig
 .text.L3GD20_DeInit
                0x000000000800c492        0x2 build/Drivers/BSP/Components/l3gd20/l3gd20.o
                0x000000000800c492                L3GD20_DeInit
 .text.L3GD20_Init
                0x000000000800c494       0x34 build/Drivers/BSP/Components/l3gd20/l3gd20.o
                0x000000000800c494                L3GD20_Init
 .text.L3GD20_LowPower
                0x000000000800c4c8       0x18 build/Drivers/BSP/Components/l3gd20/l3gd20.o
                0x000000000800c4c8                L3GD20_LowPower
 .text.L3GD20_ReadID
                0x000000000800c4e0       0x1c build/Drivers/BSP/Components/l3gd20/l3gd20.o
                0x000000000800c4e0                L3GD20_ReadID
 .text.L3GD20_RebootCmd
                0x000000000800c4fc       0x2c build/Drivers/BSP/Components/l3gd20/l3gd20.o
                0x000000000800c4fc                L3GD20_RebootCmd
 .text.L3GD20_INT1InterruptConfig
                0x000000000800c528       0x5e build/Drivers/BSP/Components/l3gd20/l3gd20.o
                0x000000000800c528                L3GD20_INT1InterruptConfig
 .text.L3GD20_EnableIT
                0x000000000800c586       0x40 build/Drivers/BSP/Components/l3gd20/l3gd20.o
                0x000000000800c586                L3GD20_EnableIT
 .text.L3GD20_DisableIT
                0x000000000800c5c6       0x3c build/Drivers/BSP/Components/l3gd20/l3gd20.o
                0x000000000800c5c6                L3GD20_DisableIT
 .text.L3GD20_FilterConfig
                0x000000000800c602       0x2e build/Drivers/BSP/Components/l3gd20/l3gd20.o
                0x000000000800c602                L3GD20_FilterConfig
 .text.L3GD20_FilterCmd
                0x000000000800c630       0x2e build/Drivers/BSP/Components/l3gd20/l3gd20.o
                0x000000000800c630                L3GD20_FilterCmd
 *fill*         0x000000000800c65e        0x2 
 .text.L3GD20_ReadXYZAngRate
                0x000000000800c660       0xf0 build/Drivers/BSP/Components/l3gd20/l3gd20.o
                0x000000000800c660                L3GD20_ReadXYZAngRate
 .text.I3G4250D_DeInit
                0x000000000800c750        0x2 build/Drivers/BSP/Components/i3g4250d/i3g4250d.o
                0x000000000800c750                I3G4250D_DeInit
 .text.I3G4250D_Init
                0x000000000800c752       0x34 build/Drivers/BSP/Components/i3g4250d/i3g4250d.o
                0x000000000800c752                I3G4250D_Init
 .text.I3G4250D_LowPower
                0x000000000800c786       0x18 build/Drivers/BSP/Components/i3g4250d/i3g4250d.o
                0x000000000800c786                I3G4250D_LowPower
 .text.I3G4250D_ReadID
                0x000000000800c79e       0x1c build/Drivers/BSP/Components/i3g4250d/i3g4250d.o
                0x000000000800c79e                I3G4250D_ReadID
 .text.I3G4250D_RebootCmd
                0x000000000800c7ba       0x2c build/Drivers/BSP/Components/i3g4250d/i3g4250d.o
                0x000000000800c7ba                I3G4250D_RebootCmd
 .text.I3G4250D_INT1InterruptConfig
                0x000000000800c7e6       0x5e build/Drivers/BSP/Components/i3g4250d/i3g4250d.o
                0x000000000800c7e6                I3G4250D_INT1InterruptConfig
 .text.I3G4250D_EnableIT
                0x000000000800c844       0x40 build/Drivers/BSP/Components/i3g4250d/i3g4250d.o
                0x000000000800c844                I3G4250D_EnableIT
 .text.I3G4250D_DisableIT
                0x000000000800c884       0x3c build/Drivers/BSP/Components/i3g4250d/i3g4250d.o
                0x000000000800c884                I3G4250D_DisableIT
 .text.I3G4250D_FilterConfig
                0x000000000800c8c0       0x2e build/Drivers/BSP/Components/i3g4250d/i3g4250d.o
                0x000000000800c8c0                I3G4250D_FilterConfig
 .text.I3G4250D_FilterCmd
                0x000000000800c8ee       0x2e build/Drivers/BSP/Components/i3g4250d/i3g4250d.o
                0x000000000800c8ee                I3G4250D_FilterCmd
 .text.I3G4250D_ReadXYZAngRate
                0x000000000800c91c       0xf0 build/Drivers/BSP/Components/i3g4250d/i3g4250d.o
                0x000000000800c91c                I3G4250D_ReadXYZAngRate
 .text.LSM303AGR_AccDeInit
                0x000000000800ca0c        0x2 build/Drivers/BSP/Components/lsm303agr/lsm303agr.o
                0x000000000800ca0c                LSM303AGR_AccDeInit
 .text.LSM303AGR_AccInit
                0x000000000800ca0e       0x20 build/Drivers/BSP/Components/lsm303agr/lsm303agr.o
                0x000000000800ca0e                LSM303AGR_AccInit
 .text.LSM303AGR_AccReadID
                0x000000000800ca2e       0x12 build/Drivers/BSP/Components/lsm303agr/lsm303agr.o
                0x000000000800ca2e                LSM303AGR_AccReadID
 .text.LSM303AGR_AccRebootCmd
                0x000000000800ca40       0x1c build/Drivers/BSP/Components/lsm303agr/lsm303agr.o
                0x000000000800ca40                LSM303AGR_AccRebootCmd
 .text.LSM303AGR_AccFilterConfig
                0x000000000800ca5c       0x20 build/Drivers/BSP/Components/lsm303agr/lsm303agr.o
                0x000000000800ca5c                LSM303AGR_AccFilterConfig
 .text.LSM303AGR_AccFilterCmd
                0x000000000800ca7c       0x20 build/Drivers/BSP/Components/lsm303agr/lsm303agr.o
                0x000000000800ca7c                LSM303AGR_AccFilterCmd
 .text.LSM303AGR_AccReadXYZ
                0x000000000800ca9c       0xae build/Drivers/BSP/Components/lsm303agr/lsm303agr.o
                0x000000000800ca9c                LSM303AGR_AccReadXYZ
 .text.LSM303AGR_AccFilterClickCmd
                0x000000000800cb4a       0x20 build/Drivers/BSP/Components/lsm303agr/lsm303agr.o
                0x000000000800cb4a                LSM303AGR_AccFilterClickCmd
 .text.LSM303AGR_AccIT1Enable
                0x000000000800cb6a       0x1c build/Drivers/BSP/Components/lsm303agr/lsm303agr.o
                0x000000000800cb6a                LSM303AGR_AccIT1Enable
 .text.LSM303AGR_AccClickITEnable
                0x000000000800cb86       0x44 build/Drivers/BSP/Components/lsm303agr/lsm303agr.o
                0x000000000800cb86                LSM303AGR_AccClickITEnable
 .text.LSM303AGR_AccZClickITConfig
                0x000000000800cbca       0x1c build/Drivers/BSP/Components/lsm303agr/lsm303agr.o
                0x000000000800cbca                LSM303AGR_AccZClickITConfig
 *fill*         0x000000000800cbe6        0x2 
 .text.Reset_Handler
                0x000000000800cbe8       0x50 build/Drivers/CMSIS/Device/ST/STM32F3xx/Source/Templates/gcc/startup_stm32f303xc.o
                0x000000000800cbe8                Reset_Handler
 .text.Default_Handler
                0x000000000800cc38        0x2 build/Drivers/CMSIS/Device/ST/STM32F3xx/Source/Templates/gcc/startup_stm32f303xc.o
                0x000000000800cc38                RTC_Alarm_IRQHandler
                0x000000000800cc38                TIM8_TRG_COM_IRQHandler
                0x000000000800cc38                TIM8_CC_IRQHandler
                0x000000000800cc38                DebugMon_Handler
                0x000000000800cc38                TIM1_CC_IRQHandler
                0x000000000800cc38                HardFault_Handler
                0x000000000800cc38                USB_HP_IRQHandler
                0x000000000800cc38                PVD_IRQHandler
                0x000000000800cc38                TAMP_STAMP_IRQHandler
                0x000000000800cc38                PendSV_Handler
                0x000000000800cc38                NMI_Handler
                0x000000000800cc38                EXTI3_IRQHandler
                0x000000000800cc38                USB_HP_CAN_TX_IRQHandler
                0x000000000800cc38                I2C2_EV_IRQHandler
                0x000000000800cc38                FPU_IRQHandler
                0x000000000800cc38                TIM1_UP_TIM16_IRQHandler
                0x000000000800cc38                UsageFault_Handler
                0x000000000800cc38                ADC1_2_IRQHandler
                0x000000000800cc38                SPI1_IRQHandler
                0x000000000800cc38                CAN_SCE_IRQHandler
                0x000000000800cc38                TIM6_DAC_IRQHandler
                0x000000000800cc38                TIM8_UP_IRQHandler
                0x000000000800cc38                DMA2_Channel2_IRQHandler
                0x000000000800cc38                DMA1_Channel4_IRQHandler
                0x000000000800cc38                USART3_IRQHandler
                0x000000000800cc38                DMA1_Channel7_IRQHandler
                0x000000000800cc38                UART5_IRQHandler
                0x000000000800cc38                ADC3_IRQHandler
                0x000000000800cc38                TIM4_IRQHandler
                0x000000000800cc38                CAN_RX1_IRQHandler
                0x000000000800cc38                DMA2_Channel1_IRQHandler
                0x000000000800cc38                I2C1_EV_IRQHandler
                0x000000000800cc38                DMA1_Channel6_IRQHandler
                0x000000000800cc38                UART4_IRQHandler
                0x000000000800cc38                DMA2_Channel4_IRQHandler
                0x000000000800cc38                TIM3_IRQHandler
                0x000000000800cc38                RCC_IRQHandler
                0x000000000800cc38                DMA1_Channel1_IRQHandler
                0x000000000800cc38                Default_Handler
                0x000000000800cc38                USBWakeUp_RMP_IRQHandler
                0x000000000800cc38                EXTI15_10_IRQHandler
                0x000000000800cc38                TIM7_IRQHandler
                0x000000000800cc38                EXTI9_5_IRQHandler
                0x000000000800cc38                RTC_WKUP_IRQHandler
                0x000000000800cc38                SPI2_IRQHandler
                0x000000000800cc38                MemManage_Handler
                0x000000000800cc38                SVC_Handler
                0x000000000800cc38                DMA2_Channel5_IRQHandler
                0x000000000800cc38                DMA1_Channel5_IRQHandler
                0x000000000800cc38                USB_LP_IRQHandler
                0x000000000800cc38                EXTI4_IRQHandler
                0x000000000800cc38                TIM1_TRG_COM_TIM17_IRQHandler
                0x000000000800cc38                DMA1_Channel3_IRQHandler
                0x000000000800cc38                ADC4_IRQHandler
                0x000000000800cc38                WWDG_IRQHandler
                0x000000000800cc38                TIM2_IRQHandler
                0x000000000800cc38                COMP7_IRQHandler
                0x000000000800cc38                COMP1_2_3_IRQHandler
                0x000000000800cc38                EXTI1_IRQHandler
                0x000000000800cc38                USART2_IRQHandler
                0x000000000800cc38                COMP4_5_6_IRQHandler
                0x000000000800cc38                I2C2_ER_IRQHandler
                0x000000000800cc38                DMA1_Channel2_IRQHandler
                0x000000000800cc38                TIM8_BRK_IRQHandler
                0x000000000800cc38                FLASH_IRQHandler
                0x000000000800cc38                BusFault_Handler
                0x000000000800cc38                USART1_IRQHandler
                0x000000000800cc38                SPI3_IRQHandler
                0x000000000800cc38                I2C1_ER_IRQHandler
                0x000000000800cc38                USBWakeUp_IRQHandler
                0x000000000800cc38                DMA2_Channel3_IRQHandler
                0x000000000800cc38                EXTI2_TSC_IRQHandler
                0x000000000800cc38                TIM1_BRK_TIM15_IRQHandler
 *fill*         0x000000000800cc3a        0x2 
 .text.startup  0x000000000800cc3c       0x14 /usr/lib/gcc/arm-none-eabi/10.3.1/../../../arm-none-eabi/lib/thumb/v7e-m+fp/hard/libg.a(lib_a-__call_atexit.o)
 *(.glue_7)
 .glue_7        0x000000000800cc50        0x0 linker stubs
 *(.glue_7t)
 .glue_7t       0x000000000800cc50        0x0 linker stubs
 *(.eh_frame)
 .eh_frame      0x000000000800cc50        0x0 /usr/lib/gcc/arm-none-eabi/10.3.1/thumb/v7e-m+fp/hard/crtbegin.o
 *(.init)
 .init          0x000000000800cc50        0x4 /usr/lib/gcc/arm-none-eabi/10.3.1/thumb/v7e-m+fp/hard/crti.o
                0x000000000800cc50                _init
 .init          0x000000000800cc54        0x8 /usr/lib/gcc/arm-none-eabi/10.3.1/thumb/v7e-m+fp/hard/crtn.o
 *(.fini)
 .fini          0x000000000800cc5c        0x4 /usr/lib/gcc/arm-none-eabi/10.3.1/thumb/v7e-m+fp/hard/crti.o
                0x000000000800cc5c                _fini
 .fini          0x000000000800cc60        0x8 /usr/lib/gcc/arm-none-eabi/10.3.1/thumb/v7e-m+fp/hard/crtn.o
                0x000000000800cc68                . = ALIGN (0x4)
                0x000000000800cc68                _etext = .

.vfp11_veneer   0x000000000800cc68        0x0
 .vfp11_veneer  0x000000000800cc68        0x0 linker stubs

.v4_bx          0x000000000800cc68        0x0
 .v4_bx         0x000000000800cc68        0x0 linker stubs

.iplt           0x000000000800cc68        0x0
 .iplt          0x000000000800cc68        0x0 /usr/lib/gcc/arm-none-eabi/10.3.1/thumb/v7e-m+fp/hard/crtbegin.o

.rodata         0x000000000800cc68     0xfb84
                0x000000000800cc68                . = ALIGN (0x4)
 *(.rodata)
 .rodata        0x000000000800cc68      0x494 build/decoder/STM32F30x_decoder.o
 .rodata        0x000000000800d0fc      0x101 /usr/lib/gcc/arm-none-eabi/10.3.1/../../../arm-none-eabi/lib/thumb/v7e-m+fp/hard/libg.a(lib_a-ctype_.o)
                0x000000000800d0fc                _ctype_
 *fill*         0x000000000800d1fd        0x3 
 .rodata        0x000000000800d200        0x4 /usr/lib/gcc/arm-none-eabi/10.3.1/../../../arm-none-eabi/lib/thumb/v7e-m+fp/hard/libg.a(lib_a-impure.o)
                0x000000000800d200                _global_impure_ptr
 .rodata        0x000000000800d204       0x20 /usr/lib/gcc/arm-none-eabi/10.3.1/../../../arm-none-eabi/lib/thumb/v7e-m+fp/hard/libg.a(lib_a-vfprintf.o)
 *fill*         0x000000000800d224        0x4 
 .rodata        0x000000000800d228      0x128 /usr/lib/gcc/arm-none-eabi/10.3.1/../../../arm-none-eabi/lib/thumb/v7e-m+fp/hard/libg.a(lib_a-mprec.o)
                0x000000000800d238                __mprec_tens
                0x000000000800d300                __mprec_tinytens
                0x000000000800d328                __mprec_bigtens
 .rodata        0x000000000800d350       0x20 /usr/lib/gcc/arm-none-eabi/10.3.1/../../../arm-none-eabi/lib/thumb/v7e-m+fp/hard/libg.a(lib_a-vfiprintf.o)
 *(.rodata*)
 .rodata.CmdLED.str1.1
                0x000000000800d370       0x68 build/main.o
 .rodata.CmdAccel.str1.1
                0x000000000800d3d8       0x33 build/main.o
 .rodata.CmdGyro.str1.1
                0x000000000800d40b       0x2f build/main.o
 .rodata.CmdButton.str1.1
                0x000000000800d43a       0x2a build/main.o
 .rodata.main.str1.1
                0x000000000800d464       0x41 build/main.o
 .rodata.str1.1
                0x000000000800d4a5       0x9d build/main.o
                                         0xa4 (size before relaxing)
 .rodata.LEDs   0x000000000800d542        0x8 build/main.o
                0x000000000800d542                LEDs
 .rodata.CmdTest.str1.1
                0x000000000800d54a       0x47 build/mytest.o
 .rodata.str1.1
                0x000000000800d591       0x16 build/mytest.o
 .rodata.AddTest.str1.1
                0x000000000800d5a7       0x4f build/mes/pt_hook.o
 .rodata._pt_A2.str1.1
                0x000000000800d5f6       0x1d build/mes/pt_hook.o
 .rodata.ptGame.str1.1
                0x000000000800d613        0xf build/mes/pt_hook.o
 .rodata.mes_InitIWDG.str1.1
                0x000000000800d622       0x1a build/mes/pt_hook.o
 .rodata.mes_IWDGStart.str1.1
                0x000000000800d63c       0x11 build/mes/pt_hook.o
 .rodata.ptWatch.str1.1
                0x000000000800d64d       0x4b build/mes/pt_hook.o
 .rodata.mes_IWDGRefresh.str1.1
                0x000000000800d698       0x13 build/mes/pt_hook.o
 .rodata.str1.1
                0x000000000800d6ab       0xca build/mes/pt_hook.o
 .rodata.CmdR.str1.1
                0x000000000800d775       0x10 build/monitor.o
 .rodata.str1.1
                0x000000000800d785       0x3b build/monitor.o
                                         0x3d (size before relaxing)
 .rodata.parse.str1.1
                0x000000000800d7c0       0xd6 build/parser.o
 .rodata.TaskInput.str1.1
                0x000000000800d896        0xb build/parser.o
                                          0xe (size before relaxing)
 .rodata.__FUNCTION__.0
                0x000000000800d8a1        0x6 build/parser.o
 .rodata.DumpBuffer.str1.1
                0x000000000800d8a7       0x16 build/dump.o
 .rodata.CmdDump.str1.1
                0x000000000800d8bd      0x1ca build/dump.o
 .rodata.str1.1
                0x000000000800da87       0x1c build/dump.o
                                         0x1e (size before relaxing)
 .rodata.CmdStats.str1.1
                0x000000000800daa3       0x78 build/terminal.o
 .rodata._write_r.str1.1
                0x000000000800db1b       0x78 build/terminal.o
                                          0x2 (size before relaxing)
 .rodata.str1.1
                0x000000000800db1b       0x32 build/terminal.o
 .rodata.Uncompress.str1.1
                0x000000000800db4d       0x26 build/decoder/decoder.o
 .rodata.DecodeReadRegister.str1.1
                0x000000000800db73       0x35 build/decoder/decoder.o
 .rodata.DecodeField.str1.1
                0x000000000800dba8       0x35 build/decoder/decoder.o
 .rodata.DecodeRegister.str1.1
                0x000000000800dbdd       0x3b build/decoder/decoder.o
 .rodata.DecodePeripheral.str1.1
                0x000000000800dc18       0x28 build/decoder/decoder.o
 .rodata.DecodePrintPeripherals.str1.1
                0x000000000800dc40        0x3 build/decoder/decoder.o
                                          0x9 (size before relaxing)
 .rodata.CmdDecode.str1.1
                0x000000000800dc43      0x403 build/decoder/decoder.o
                                        0x405 (size before relaxing)
 .rodata.str1.1
                0x000000000800e046       0x21 build/decoder/decoder.o
                                         0x28 (size before relaxing)
 .rodata.str1.1
                0x000000000800e067     0x28bc build/decoder/STM32F30x_decoder.o
                                       0x2921 (size before relaxing)
 *fill*         0x0000000008010923        0x1 
 .rodata.ADC1_2_CCR_fields
                0x0000000008010924       0x40 build/decoder/STM32F30x_decoder.o
                0x0000000008010924                ADC1_2_CCR_fields
 .rodata.ADC1_2_CDR_fields
                0x0000000008010964       0x10 build/decoder/STM32F30x_decoder.o
                0x0000000008010964                ADC1_2_CDR_fields
 .rodata.ADC1_2_CSR_fields
                0x0000000008010974       0xb0 build/decoder/STM32F30x_decoder.o
                0x0000000008010974                ADC1_2_CSR_fields
 .rodata.ADC1_2_registers
                0x0000000008010a24       0x30 build/decoder/STM32F30x_decoder.o
                0x0000000008010a24                ADC1_2_registers
 .rodata.ADC1_AWD2CR_fields
                0x0000000008010a54        0x8 build/decoder/STM32F30x_decoder.o
                0x0000000008010a54                ADC1_AWD2CR_fields
 .rodata.ADC1_AWD3CR_fields
                0x0000000008010a5c        0x8 build/decoder/STM32F30x_decoder.o
                0x0000000008010a5c                ADC1_AWD3CR_fields
 .rodata.ADC1_CALFACT_fields
                0x0000000008010a64       0x10 build/decoder/STM32F30x_decoder.o
                0x0000000008010a64                ADC1_CALFACT_fields
 .rodata.ADC1_CFGR_fields
                0x0000000008010a74       0x98 build/decoder/STM32F30x_decoder.o
                0x0000000008010a74                ADC1_CFGR_fields
 .rodata.ADC1_CR_fields
                0x0000000008010b0c       0x50 build/decoder/STM32F30x_decoder.o
                0x0000000008010b0c                ADC1_CR_fields
 .rodata.ADC1_DIFSEL_fields
                0x0000000008010b5c       0x10 build/decoder/STM32F30x_decoder.o
                0x0000000008010b5c                ADC1_DIFSEL_fields
 .rodata.ADC1_DR_fields
                0x0000000008010b6c        0x8 build/decoder/STM32F30x_decoder.o
                0x0000000008010b6c                ADC1_DR_fields
 .rodata.ADC1_IER_fields
                0x0000000008010b74       0x58 build/decoder/STM32F30x_decoder.o
                0x0000000008010b74                ADC1_IER_fields
 .rodata.ADC1_ISR_fields
                0x0000000008010bcc       0x58 build/decoder/STM32F30x_decoder.o
                0x0000000008010bcc                ADC1_ISR_fields
 .rodata.ADC1_JDR1_fields
                0x0000000008010c24        0x8 build/decoder/STM32F30x_decoder.o
                0x0000000008010c24                ADC1_JDR1_fields
 .rodata.ADC1_JDR2_fields
                0x0000000008010c2c        0x8 build/decoder/STM32F30x_decoder.o
                0x0000000008010c2c                ADC1_JDR2_fields
 .rodata.ADC1_JDR3_fields
                0x0000000008010c34        0x8 build/decoder/STM32F30x_decoder.o
                0x0000000008010c34                ADC1_JDR3_fields
 .rodata.ADC1_JDR4_fields
                0x0000000008010c3c        0x8 build/decoder/STM32F30x_decoder.o
                0x0000000008010c3c                ADC1_JDR4_fields
 .rodata.ADC1_JSQR_fields
                0x0000000008010c44       0x38 build/decoder/STM32F30x_decoder.o
                0x0000000008010c44                ADC1_JSQR_fields
 .rodata.ADC1_OFR1_fields
                0x0000000008010c7c       0x18 build/decoder/STM32F30x_decoder.o
                0x0000000008010c7c                ADC1_OFR1_fields
 .rodata.ADC1_OFR2_fields
                0x0000000008010c94       0x18 build/decoder/STM32F30x_decoder.o
                0x0000000008010c94                ADC1_OFR2_fields
 .rodata.ADC1_OFR3_fields
                0x0000000008010cac       0x18 build/decoder/STM32F30x_decoder.o
                0x0000000008010cac                ADC1_OFR3_fields
 .rodata.ADC1_OFR4_fields
                0x0000000008010cc4       0x18 build/decoder/STM32F30x_decoder.o
                0x0000000008010cc4                ADC1_OFR4_fields
 .rodata.ADC1_SMPR1_fields
                0x0000000008010cdc       0x48 build/decoder/STM32F30x_decoder.o
                0x0000000008010cdc                ADC1_SMPR1_fields
 .rodata.ADC1_SMPR2_fields
                0x0000000008010d24       0x48 build/decoder/STM32F30x_decoder.o
                0x0000000008010d24                ADC1_SMPR2_fields
 .rodata.ADC1_SQR1_fields
                0x0000000008010d6c       0x28 build/decoder/STM32F30x_decoder.o
                0x0000000008010d6c                ADC1_SQR1_fields
 .rodata.ADC1_SQR2_fields
                0x0000000008010d94       0x28 build/decoder/STM32F30x_decoder.o
                0x0000000008010d94                ADC1_SQR2_fields
 .rodata.ADC1_SQR3_fields
                0x0000000008010dbc       0x28 build/decoder/STM32F30x_decoder.o
                0x0000000008010dbc                ADC1_SQR3_fields
 .rodata.ADC1_SQR4_fields
                0x0000000008010de4       0x10 build/decoder/STM32F30x_decoder.o
                0x0000000008010de4                ADC1_SQR4_fields
 .rodata.ADC1_TR1_fields
                0x0000000008010df4       0x10 build/decoder/STM32F30x_decoder.o
                0x0000000008010df4                ADC1_TR1_fields
 .rodata.ADC1_TR2_fields
                0x0000000008010e04       0x10 build/decoder/STM32F30x_decoder.o
                0x0000000008010e04                ADC1_TR2_fields
 .rodata.ADC1_TR3_fields
                0x0000000008010e14       0x10 build/decoder/STM32F30x_decoder.o
                0x0000000008010e14                ADC1_TR3_fields
 .rodata.ADC1_registers
                0x0000000008010e24      0x1b0 build/decoder/STM32F30x_decoder.o
                0x0000000008010e24                ADC1_registers
 .rodata.CAN_BTR_fields
                0x0000000008010fd4       0x30 build/decoder/STM32F30x_decoder.o
                0x0000000008010fd4                CAN_BTR_fields
 .rodata.CAN_ESR_fields
                0x0000000008011004       0x30 build/decoder/STM32F30x_decoder.o
                0x0000000008011004                CAN_ESR_fields
 .rodata.CAN_F0R1_fields
                0x0000000008011034      0x100 build/decoder/STM32F30x_decoder.o
                0x0000000008011034                CAN_F0R1_fields
 .rodata.CAN_F0R2_fields
                0x0000000008011134      0x100 build/decoder/STM32F30x_decoder.o
                0x0000000008011134                CAN_F0R2_fields
 .rodata.CAN_F10R1_fields
                0x0000000008011234      0x100 build/decoder/STM32F30x_decoder.o
                0x0000000008011234                CAN_F10R1_fields
 .rodata.CAN_F10R2_fields
                0x0000000008011334      0x100 build/decoder/STM32F30x_decoder.o
                0x0000000008011334                CAN_F10R2_fields
 .rodata.CAN_F11R1_fields
                0x0000000008011434      0x100 build/decoder/STM32F30x_decoder.o
                0x0000000008011434                CAN_F11R1_fields
 .rodata.CAN_F11R2_fields
                0x0000000008011534      0x100 build/decoder/STM32F30x_decoder.o
                0x0000000008011534                CAN_F11R2_fields
 .rodata.CAN_F12R1_fields
                0x0000000008011634      0x100 build/decoder/STM32F30x_decoder.o
                0x0000000008011634                CAN_F12R1_fields
 .rodata.CAN_F12R2_fields
                0x0000000008011734      0x100 build/decoder/STM32F30x_decoder.o
                0x0000000008011734                CAN_F12R2_fields
 .rodata.CAN_F13R1_fields
                0x0000000008011834      0x100 build/decoder/STM32F30x_decoder.o
                0x0000000008011834                CAN_F13R1_fields
 .rodata.CAN_F13R2_fields
                0x0000000008011934      0x100 build/decoder/STM32F30x_decoder.o
                0x0000000008011934                CAN_F13R2_fields
 .rodata.CAN_F14R1_fields
                0x0000000008011a34      0x100 build/decoder/STM32F30x_decoder.o
                0x0000000008011a34                CAN_F14R1_fields
 .rodata.CAN_F14R2_fields
                0x0000000008011b34      0x100 build/decoder/STM32F30x_decoder.o
                0x0000000008011b34                CAN_F14R2_fields
 .rodata.CAN_F15R1_fields
                0x0000000008011c34      0x100 build/decoder/STM32F30x_decoder.o
                0x0000000008011c34                CAN_F15R1_fields
 .rodata.CAN_F15R2_fields
                0x0000000008011d34      0x100 build/decoder/STM32F30x_decoder.o
                0x0000000008011d34                CAN_F15R2_fields
 .rodata.CAN_F16R1_fields
                0x0000000008011e34      0x100 build/decoder/STM32F30x_decoder.o
                0x0000000008011e34                CAN_F16R1_fields
 .rodata.CAN_F16R2_fields
                0x0000000008011f34      0x100 build/decoder/STM32F30x_decoder.o
                0x0000000008011f34                CAN_F16R2_fields
 .rodata.CAN_F17R1_fields
                0x0000000008012034      0x100 build/decoder/STM32F30x_decoder.o
                0x0000000008012034                CAN_F17R1_fields
 .rodata.CAN_F17R2_fields
                0x0000000008012134      0x100 build/decoder/STM32F30x_decoder.o
                0x0000000008012134                CAN_F17R2_fields
 .rodata.CAN_F18R1_fields
                0x0000000008012234      0x100 build/decoder/STM32F30x_decoder.o
                0x0000000008012234                CAN_F18R1_fields
 .rodata.CAN_F18R2_fields
                0x0000000008012334      0x100 build/decoder/STM32F30x_decoder.o
                0x0000000008012334                CAN_F18R2_fields
 .rodata.CAN_F19R1_fields
                0x0000000008012434      0x100 build/decoder/STM32F30x_decoder.o
                0x0000000008012434                CAN_F19R1_fields
 .rodata.CAN_F19R2_fields
                0x0000000008012534      0x100 build/decoder/STM32F30x_decoder.o
                0x0000000008012534                CAN_F19R2_fields
 .rodata.CAN_F1R1_fields
                0x0000000008012634      0x100 build/decoder/STM32F30x_decoder.o
                0x0000000008012634                CAN_F1R1_fields
 .rodata.CAN_F1R2_fields
                0x0000000008012734      0x100 build/decoder/STM32F30x_decoder.o
                0x0000000008012734                CAN_F1R2_fields
 .rodata.CAN_F20R1_fields
                0x0000000008012834      0x100 build/decoder/STM32F30x_decoder.o
                0x0000000008012834                CAN_F20R1_fields
 .rodata.CAN_F20R2_fields
                0x0000000008012934      0x100 build/decoder/STM32F30x_decoder.o
                0x0000000008012934                CAN_F20R2_fields
 .rodata.CAN_F21R1_fields
                0x0000000008012a34      0x100 build/decoder/STM32F30x_decoder.o
                0x0000000008012a34                CAN_F21R1_fields
 .rodata.CAN_F21R2_fields
                0x0000000008012b34      0x100 build/decoder/STM32F30x_decoder.o
                0x0000000008012b34                CAN_F21R2_fields
 .rodata.CAN_F22R1_fields
                0x0000000008012c34      0x100 build/decoder/STM32F30x_decoder.o
                0x0000000008012c34                CAN_F22R1_fields
 .rodata.CAN_F22R2_fields
                0x0000000008012d34      0x100 build/decoder/STM32F30x_decoder.o
                0x0000000008012d34                CAN_F22R2_fields
 .rodata.CAN_F23R1_fields
                0x0000000008012e34      0x100 build/decoder/STM32F30x_decoder.o
                0x0000000008012e34                CAN_F23R1_fields
 .rodata.CAN_F23R2_fields
                0x0000000008012f34      0x100 build/decoder/STM32F30x_decoder.o
                0x0000000008012f34                CAN_F23R2_fields
 .rodata.CAN_F24R1_fields
                0x0000000008013034      0x100 build/decoder/STM32F30x_decoder.o
                0x0000000008013034                CAN_F24R1_fields
 .rodata.CAN_F24R2_fields
                0x0000000008013134      0x100 build/decoder/STM32F30x_decoder.o
                0x0000000008013134                CAN_F24R2_fields
 .rodata.CAN_F25R1_fields
                0x0000000008013234      0x100 build/decoder/STM32F30x_decoder.o
                0x0000000008013234                CAN_F25R1_fields
 .rodata.CAN_F25R2_fields
                0x0000000008013334      0x100 build/decoder/STM32F30x_decoder.o
                0x0000000008013334                CAN_F25R2_fields
 .rodata.CAN_F26R1_fields
                0x0000000008013434      0x100 build/decoder/STM32F30x_decoder.o
                0x0000000008013434                CAN_F26R1_fields
 .rodata.CAN_F26R2_fields
                0x0000000008013534      0x100 build/decoder/STM32F30x_decoder.o
                0x0000000008013534                CAN_F26R2_fields
 .rodata.CAN_F27R1_fields
                0x0000000008013634      0x100 build/decoder/STM32F30x_decoder.o
                0x0000000008013634                CAN_F27R1_fields
 .rodata.CAN_F27R2_fields
                0x0000000008013734      0x100 build/decoder/STM32F30x_decoder.o
                0x0000000008013734                CAN_F27R2_fields
 .rodata.CAN_F2R1_fields
                0x0000000008013834      0x100 build/decoder/STM32F30x_decoder.o
                0x0000000008013834                CAN_F2R1_fields
 .rodata.CAN_F2R2_fields
                0x0000000008013934      0x100 build/decoder/STM32F30x_decoder.o
                0x0000000008013934                CAN_F2R2_fields
 .rodata.CAN_F3R1_fields
                0x0000000008013a34      0x100 build/decoder/STM32F30x_decoder.o
                0x0000000008013a34                CAN_F3R1_fields
 .rodata.CAN_F3R2_fields
                0x0000000008013b34      0x100 build/decoder/STM32F30x_decoder.o
                0x0000000008013b34                CAN_F3R2_fields
 .rodata.CAN_F4R1_fields
                0x0000000008013c34      0x100 build/decoder/STM32F30x_decoder.o
                0x0000000008013c34                CAN_F4R1_fields
 .rodata.CAN_F4R2_fields
                0x0000000008013d34      0x100 build/decoder/STM32F30x_decoder.o
                0x0000000008013d34                CAN_F4R2_fields
 .rodata.CAN_F5R1_fields
                0x0000000008013e34      0x100 build/decoder/STM32F30x_decoder.o
                0x0000000008013e34                CAN_F5R1_fields
 .rodata.CAN_F5R2_fields
                0x0000000008013f34      0x100 build/decoder/STM32F30x_decoder.o
                0x0000000008013f34                CAN_F5R2_fields
 .rodata.CAN_F6R1_fields
                0x0000000008014034      0x100 build/decoder/STM32F30x_decoder.o
                0x0000000008014034                CAN_F6R1_fields
 .rodata.CAN_F6R2_fields
                0x0000000008014134      0x100 build/decoder/STM32F30x_decoder.o
                0x0000000008014134                CAN_F6R2_fields
 .rodata.CAN_F7R1_fields
                0x0000000008014234      0x100 build/decoder/STM32F30x_decoder.o